Component: ARM Compiler 5.06 update 6 (build 750) Tool: armlink [4d35ed]

==============================================================================

Section Cross References

    startup_stm32f411xe.o(STACK) refers (Special) to heapauxi.o(.text) for __use_two_region_memory
    startup_stm32f411xe.o(HEAP) refers (Special) to heapauxi.o(.text) for __use_two_region_memory
    startup_stm32f411xe.o(RESET) refers (Special) to heapauxi.o(.text) for __use_two_region_memory
    startup_stm32f411xe.o(RESET) refers to startup_stm32f411xe.o(STACK) for __initial_sp
    startup_stm32f411xe.o(RESET) refers to startup_stm32f411xe.o(.text) for Reset_Handler
    startup_stm32f411xe.o(RESET) refers to stm32f4xx_it.o(i.NMI_Handler) for NMI_Handler
    startup_stm32f411xe.o(RESET) refers to stm32f4xx_it.o(i.HardFault_Handler) for HardFault_Handler
    startup_stm32f411xe.o(RESET) refers to stm32f4xx_it.o(i.MemManage_Handler) for MemManage_Handler
    startup_stm32f411xe.o(RESET) refers to stm32f4xx_it.o(i.BusFault_Handler) for BusFault_Handler
    startup_stm32f411xe.o(RESET) refers to stm32f4xx_it.o(i.UsageFault_Handler) for UsageFault_Handler
    startup_stm32f411xe.o(RESET) refers to stm32f4xx_it.o(i.SVC_Handler) for SVC_Handler
    startup_stm32f411xe.o(RESET) refers to stm32f4xx_it.o(i.DebugMon_Handler) for DebugMon_Handler
    startup_stm32f411xe.o(RESET) refers to stm32f4xx_it.o(i.PendSV_Handler) for PendSV_Handler
    startup_stm32f411xe.o(RESET) refers to stm32f4xx_it.o(i.SysTick_Handler) for SysTick_Handler
    startup_stm32f411xe.o(RESET) refers to stm32f4xx_it.o(i.TIM1_UP_TIM10_IRQHandler) for TIM1_UP_TIM10_IRQHandler
    startup_stm32f411xe.o(RESET) refers to stm32f4xx_it.o(i.I2C1_EV_IRQHandler) for I2C1_EV_IRQHandler
    startup_stm32f411xe.o(.text) refers (Special) to heapauxi.o(.text) for __use_two_region_memory
    startup_stm32f411xe.o(.text) refers to system_stm32f4xx.o(i.SystemInit) for SystemInit
    startup_stm32f411xe.o(.text) refers to __main.o(!!!main) for __main
    startup_stm32f411xe.o(.text) refers to startup_stm32f411xe.o(HEAP) for Heap_Mem
    startup_stm32f411xe.o(.text) refers to startup_stm32f411xe.o(STACK) for Stack_Mem
    i2c-lcd.o(i.lcd_clear) refers to i2c-lcd.o(i.lcd_send_cmd) for lcd_send_cmd
    i2c-lcd.o(i.lcd_clear) refers to i2c-lcd.o(i.lcd_send_data) for lcd_send_data
    i2c-lcd.o(i.lcd_init) refers to stm32f4xx_hal.o(i.HAL_Delay) for HAL_Delay
    i2c-lcd.o(i.lcd_init) refers to i2c-lcd.o(i.lcd_send_cmd) for lcd_send_cmd
    i2c-lcd.o(i.lcd_put_cur) refers to i2c-lcd.o(i.lcd_send_cmd) for lcd_send_cmd
    i2c-lcd.o(i.lcd_send_cmd) refers to stm32f4xx_hal_i2c.o(i.HAL_I2C_Master_Transmit) for HAL_I2C_Master_Transmit
    i2c-lcd.o(i.lcd_send_cmd) refers to main.o(.bss) for hi2c1
    i2c-lcd.o(i.lcd_send_data) refers to stm32f4xx_hal_i2c.o(i.HAL_I2C_Master_Transmit) for HAL_I2C_Master_Transmit
    i2c-lcd.o(i.lcd_send_data) refers to main.o(.bss) for hi2c1
    i2c-lcd.o(i.lcd_send_string) refers to i2c-lcd.o(i.lcd_send_data) for lcd_send_data
    rc522.o(i.MFRC522_AntennaOff) refers to rc522.o(i.MFRC522_ClearBitMask) for MFRC522_ClearBitMask
    rc522.o(i.MFRC522_AntennaOn) refers to rc522.o(i.MFRC522_ReadRegister) for MFRC522_ReadRegister
    rc522.o(i.MFRC522_AntennaOn) refers to rc522.o(i.MFRC522_SetBitMask) for MFRC522_SetBitMask
    rc522.o(i.MFRC522_Anticoll) refers to rc522.o(i.MFRC522_WriteRegister) for MFRC522_WriteRegister
    rc522.o(i.MFRC522_Anticoll) refers to rc522.o(i.MFRC522_ToCard) for MFRC522_ToCard
    rc522.o(i.MFRC522_Auth) refers to rc522.o(i.MFRC522_ToCard) for MFRC522_ToCard
    rc522.o(i.MFRC522_Auth) refers to rc522.o(i.MFRC522_ReadRegister) for MFRC522_ReadRegister
    rc522.o(i.MFRC522_CalculateCRC) refers to rc522.o(i.MFRC522_ClearBitMask) for MFRC522_ClearBitMask
    rc522.o(i.MFRC522_CalculateCRC) refers to rc522.o(i.MFRC522_SetBitMask) for MFRC522_SetBitMask
    rc522.o(i.MFRC522_CalculateCRC) refers to rc522.o(i.MFRC522_WriteRegister) for MFRC522_WriteRegister
    rc522.o(i.MFRC522_CalculateCRC) refers to rc522.o(i.MFRC522_ReadRegister) for MFRC522_ReadRegister
    rc522.o(i.MFRC522_Check) refers to rc522.o(i.MFRC522_Request) for MFRC522_Request
    rc522.o(i.MFRC522_Check) refers to rc522.o(i.MFRC522_Anticoll) for MFRC522_Anticoll
    rc522.o(i.MFRC522_Check) refers to rc522.o(i.MFRC522_Halt) for MFRC522_Halt
    rc522.o(i.MFRC522_ClearBitMask) refers to rc522.o(i.MFRC522_ReadRegister) for MFRC522_ReadRegister
    rc522.o(i.MFRC522_ClearBitMask) refers to rc522.o(i.MFRC522_WriteRegister) for MFRC522_WriteRegister
    rc522.o(i.MFRC522_Halt) refers to rc522.o(i.MFRC522_CalculateCRC) for MFRC522_CalculateCRC
    rc522.o(i.MFRC522_Halt) refers to rc522.o(i.MFRC522_ToCard) for MFRC522_ToCard
    rc522.o(i.MFRC522_Init) refers to rc522.o(i.MFRC522_Reset) for MFRC522_Reset
    rc522.o(i.MFRC522_Init) refers to rc522.o(i.MFRC522_WriteRegister) for MFRC522_WriteRegister
[...]
    ../clib/signal.c                         0x00000000   Number         0  defsig_pvfn_inner.o ABSOLUTE
    ../clib/signal.c                         0x00000000   Number         0  defsig_fpe_outer.o ABSOLUTE
    ../clib/signal.c                         0x00000000   Number         0  defsig_fpe_formal.o ABSOLUTE
    ../clib/signal.c                         0x00000000   Number         0  defsig_cppl_inner.o ABSOLUTE
    ../clib/signal.c                         0x00000000   Number         0  defsig_rtred_inner.o ABSOLUTE
    ../clib/signal.c                         0x00000000   Number         0  defsig_segv_inner.o ABSOLUTE
    ../clib/signal.c                         0x00000000   Number         0  __raise.o ABSOLUTE
    ../clib/signal.c                         0x00000000   Number         0  defsig_other.o ABSOLUTE
    ../clib/signal.c                         0x00000000   Number         0  defsig_general.o ABSOLUTE
    ../clib/signal.s                         0x00000000   Number         0  defsig.o ABSOLUTE
    ../clib/stdlib.c                         0x00000000   Number         0  exit.o ABSOLUTE
    ../clib/string.c                         0x00000000   Number         0  strncmp.o ABSOLUTE
    ../clib/string.c                         0x00000000   Number         0  strlen.o ABSOLUTE
    ../fplib/fpinit.s                        0x00000000   Number         0  fpinit.o ABSOLUTE
    ..\Core\Src\FLASH_SECTOR_F4.c            0x00000000   Number         0  flash_sector_f4.o ABSOLUTE
    ..\Core\Src\i2c-lcd.c                    0x00000000   Number         0  i2c-lcd.o ABSOLUTE
    ..\Core\Src\lock_system.c                0x00000000   Number         0  lock_system.o ABSOLUTE
    ..\Core\Src\main.c                       0x00000000   Number         0  main.o ABSOLUTE
    ..\Core\Src\rc522.c                      0x00000000   Number         0  rc522.o ABSOLUTE
    ..\Core\Src\stm32f4xx_hal_msp.c          0x00000000   Number         0  stm32f4xx_hal_msp.o ABSOLUTE
    ..\Core\Src\stm32f4xx_it.c               0x00000000   Number         0  stm32f4xx_it.o ABSOLUTE
    ..\Core\Src\system_stm32f4xx.c           0x00000000   Number         0  system_stm32f4xx.o ABSOLUTE
    ..\Drivers\STM32F4xx_HAL_Driver\Src\stm32f4xx_hal.c 0x00000000   Number         0  stm32f4xx_hal.o ABSOLUTE
    ..\Drivers\STM32F4xx_HAL_Driver\Src\stm32f4xx_hal_cortex.c 0x00000000   Number         0  stm32f4xx_hal_cortex.o ABSOLUTE
    ..\Drivers\STM32F4xx_HAL_Driver\Src\stm32f4xx_hal_dma.c 0x00000000   Number         0  stm32f4xx_hal_dma.o ABSOLUTE
    ..\Drivers\STM32F4xx_HAL_Driver\Src\stm32f4xx_hal_dma_ex.c 0x00000000   Number         0  stm32f4xx_hal_dma_ex.o ABSOLUTE
    ..\Drivers\STM32F4xx_HAL_Driver\Src\stm32f4xx_hal_exti.c 0x00000000   Number         0  stm32f4xx_hal_exti.o ABSOLUTE
    ..\Drivers\STM32F4xx_HAL_Driver\Src\stm32f4xx_hal_flash.c 0x00000000   Number         0  stm32f4xx_hal_flash.o ABSOLUTE
    ..\Drivers\STM32F4xx_HAL_Driver\Src\stm32f4xx_hal_flash_ex.c 0x00000000   Number         0  stm32f4xx_hal_flash_ex.o ABSOLUTE
    ..\Drivers\STM32F4xx_HAL_Driver\Src\stm32f4xx_hal_flash_ramfunc.c 0x00000000   Number         0  stm32f4xx_hal_flash_ramfunc.o ABSOLUTE
    ..\Drivers\STM32F4xx_HAL_Driver\Src\stm32f4xx_hal_gpio.c 0x00000000   Number         0  stm32f4xx_hal_gpio.o ABSOLUTE
    ..\Drivers\STM32F4xx_HAL_Driver\Src\stm32f4xx_hal_i2c.c 0x00000000   Number         0  stm32f4xx_hal_i2c.o ABSOLUTE
    ..\Drivers\STM32F4xx_HAL_Driver\Src\stm32f4xx_hal_i2c_ex.c 0x00000000   Number         0  stm32f4xx_hal_i2c_ex.o ABSOLUTE
    ..\Drivers\STM32F4xx_HAL_Driver\Src\stm32f4xx_hal_pwr.c 0x00000000   Number         0  stm32f4xx_hal_pwr.o ABSOLUTE
    ..\Drivers\STM32F4xx_HAL_Driver\Src\stm32f4xx_hal_pwr_ex.c 0x00000000   Number         0  stm32f4xx_hal_pwr_ex.o ABSOLUTE
    ..\Drivers\STM32F4xx_HAL_Driver\Src\stm32f4xx_hal_rcc.c 0x00000000   Number         0  stm32f4xx_hal_rcc.o ABSOLUTE
    ..\Drivers\STM32F4xx_HAL_Driver\Src\stm32f4xx_hal_rcc_ex.c 0x00000000   Number         0  stm32f4xx_hal_rcc_ex.o ABSOLUTE
    ..\Drivers\STM32F4xx_HAL_Driver\Src\stm32f4xx_hal_spi.c 0x00000000   Number         0  stm32f4xx_hal_spi.o ABSOLUTE
    ..\Drivers\STM32F4xx_HAL_Driver\Src\stm32f4xx_hal_tim.c 0x00000000   Number         0  stm32f4xx_hal_tim.o ABSOLUTE
    ..\Drivers\STM32F4xx_HAL_Driver\Src\stm32f4xx_hal_tim_ex.c 0x00000000   Number         0  stm32f4xx_hal_tim_ex.o ABSOLUTE
    ..\\Core\\Src\\FLASH_SECTOR_F4.c         0x00000000   Number         0  flash_sector_f4.o ABSOLUTE
    ..\\Core\\Src\\i2c-lcd.c                 0x00000000   Number         0  i2c-lcd.o ABSOLUTE
    ..\\Core\\Src\\lock_system.c             0x00000000   Number         0  lock_system.o ABSOLUTE
    ..\\Core\\Src\\rc522.c                   0x00000000   Number         0  rc522.o ABSOLUTE
    dc.s                                     0x00000000   Number         0  dc.o ABSOLUTE
    startup_stm32f411xe.s                    0x00000000   Number         0  startup_stm32f411xe.o ABSOLUTE
    RESET                                    0x08000000   Section      408  startup_stm32f411xe.o(RESET)
    !!!main                                  0x08000198   Section        8  __main.o(!!!main)
    !!!scatter                               0x080001a0   Section       52  __scatter.o(!!!scatter)
    !!handler_copy                           0x080001d4   Section       26  __scatter_copy.o(!!handler_copy)
    !!handler_zi                             0x080001f0   Section       28  __scatter_zi.o(!!handler_zi)
    .ARM.Collect$$libinit$$00000000          0x0800020c   Section        2  libinit.o(.ARM.Collect$$libinit$$00000000)
    .ARM.Collect$$libinit$$00000001          0x0800020e   Section        4  libinit2.o(.ARM.Collect$$libinit$$00000001)
    .ARM.Collect$$libinit$$00000004          0x08000212   Section        0  libinit2.o(.ARM.Collect$$libinit$$00000004)
    .ARM.Collect$$libinit$$0000000A          0x08000212   Section        0  libinit2.o(.ARM.Collect$$libinit$$0000000A)
    .ARM.Collect$$libinit$$0000000C          0x08000212   Section        0  libinit2.o(.ARM.Collect$$libinit$$0000000C)
    .ARM.Collect$$libinit$$0000000E          0x08000212   Section        0  libinit2.o(.ARM.Collect$$libinit$$0000000E)
    .ARM.Collect$$libinit$$00000011          0x08000212   Section        0  libinit2.o(.ARM.Collect$$libinit$$00000011)
    .ARM.Collect$$libinit$$00000013          0x08000212   Section        0  libinit2.o(.ARM.Collect$$libinit$$00000013)
    .ARM.Collect$$libinit$$00000015          0x08000212   Section        0  libinit2.o(.ARM.Collect$$libinit$$00000015)
    .ARM.Collect$$libinit$$00000017          0x08000212   Section        0  libinit2.o(.ARM.Collect$$libinit$$00000017)
    .ARM.Collect$$libinit$$00000019          0x08000212   Section        0  libinit2.o(.ARM.Collect$$libinit$$00000019)
    .ARM.Collect$$libinit$$0000001B          0x08000212   Section        0  libinit2.o(.ARM.Collect$$libinit$$0000001B)
    .ARM.Collect$$libinit$$0000001D          0x08000212   Section        0  libinit2.o(.ARM.Collect$$libinit$$0000001D)
    .ARM.Collect$$libinit$$0000001F          0x08000212   Section        0  libinit2.o(.ARM.Collect$$libinit$$0000001F)
    .ARM.Collect$$libinit$$00000021          0x08000212   Section        0  libinit2.o(.ARM.Collect$$libinit$$00000021)
    .ARM.Collect$$libinit$$00000023          0x08000212   Section        0  libinit2.o(.ARM.Collect$$libinit$$00000023)
    .ARM.Collect$$libinit$$00000025          0x08000212   Section        0  libinit2.o(.ARM.Collect$$libinit$$00000025)
    .ARM.Collect$$libinit$$0000002C          0x08000212   Section        0  libinit2.o(.ARM.Collect$$libinit$$0000002C)
    .ARM.Collect$$libinit$$0000002E          0x08000212   Section        0  libinit2.o(.ARM.Collect$$libinit$$0000002E)
    .ARM.Collect$$libinit$$00000030          0x08000212   Section        0  libinit2.o(.ARM.Collect$$libinit$$00000030)
    .ARM.Collect$$libinit$$00000032          0x08000212   Section        0  libinit2.o(.ARM.Collect$$libinit$$00000032)
    .ARM.Collect$$libinit$$00000033          0x08000212   Section        2  libinit2.o(.ARM.Collect$$libinit$$00000033)
    .ARM.Collect$$libshutdown$$00000000      0x08000214   Section        2  libshutdown.o(.ARM.Collect$$libshutdown$$00000000)
    .ARM.Collect$$libshutdown$$00000002      0x08000216   Section        0  libshutdown2.o(.ARM.Collect$$libshutdown$$00000002)
    .ARM.Collect$$libshutdown$$00000004      0x08000216   Section        0  libshutdown2.o(.ARM.Collect$$libshutdown$$00000004)
    .ARM.Collect$$libshutdown$$00000007      0x08000216   Section        0  libshutdown2.o(.ARM.Collect$$libshutdown$$00000007)
    .ARM.Collect$$libshutdown$$0000000A      0x08000216   Section        0  libshutdown2.o(.ARM.Collect$$libshutdown$$0000000A)
    .ARM.Collect$$libshutdown$$0000000C      0x08000216   Section        0  libshutdown2.o(.ARM.Collect$$libshutdown$$0000000C)
    .ARM.Collect$$libshutdown$$0000000F      0x08000216   Section        0  libshutdown2.o(.ARM.Collect$$libshutdown$$0000000F)
    .ARM.Collect$$libshutdown$$00000010      0x08000216   Section        2  libshutdown2.o(.ARM.Collect$$libshutdown$$00000010)
    .ARM.Collect$$rtentry$$00000000          0x08000218   Section        0  __rtentry.o(.ARM.Collect$$rtentry$$00000000)
    .ARM.Collect$$rtentry$$00000002          0x08000218   Section        0  __rtentry2.o(.ARM.Collect$$rtentry$$00000002)
    .ARM.Collect$$rtentry$$00000004          0x08000218   Section        6  __rtentry4.o(.ARM.Collect$$rtentry$$00000004)
    .ARM.Collect$$rtentry$$00000009          0x0800021e   Section        0  __rtentry2.o(.ARM.Collect$$rtentry$$00000009)
    .ARM.Collect$$rtentry$$0000000A          0x0800021e   Section        4  __rtentry2.o(.ARM.Collect$$rtentry$$0000000A)
    .ARM.Collect$$rtentry$$0000000C          0x08000222   Section        0  __rtentry2.o(.ARM.Collect$$rtentry$$0000000C)
    .ARM.Collect$$rtentry$$0000000D          0x08000222   Section        8  __rtentry2.o(.ARM.Collect$$rtentry$$0000000D)
    .ARM.Collect$$rtexit$$00000000           0x0800022a   Section        2  rtexit.o(.ARM.Collect$$rtexit$$00000000)
    .ARM.Collect$$rtexit$$00000002           0x0800022c   Section        0  rtexit2.o(.ARM.Collect$$rtexit$$00000002)
    .ARM.Collect$$rtexit$$00000003           0x0800022c   Section        4  rtexit2.o(.ARM.Collect$$rtexit$$00000003)
    .ARM.Collect$$rtexit$$00000004           0x08000230   Section        6  rtexit2.o(.ARM.Collect$$rtexit$$00000004)
    .text                                    0x08000238   Section       64  startup_stm32f411xe.o(.text)
    $v0                                      0x08000238   Number         0  startup_stm32f411xe.o(.text)
    .text                                    0x08000278   Section      238  lludivv7m.o(.text)
    .text                                    0x08000366   Section        0  strlen.o(.text)
    .text                                    0x080003a4   Section        0  strncmp.o(.text)
    .text                                    0x0800043a   Section       68  rt_memclr.o(.text)
    .text                                    0x0800047e   Section       78  rt_memclr_w.o(.text)
    .text                                    0x080004cc   Section        0  heapauxi.o(.text)
    .text                                    0x080004d2   Section       74  sys_stackheap_outer.o(.text)
    .text                                    0x0800051c   Section        0  exit.o(.text)
    .text                                    0x08000530   Section        8  libspace.o(.text)
    .text                                    0x08000538   Section        0  sys_exit.o(.text)
    .text                                    0x08000544   Section        2  use_no_semi.o(.text)
    .text                                    0x08000546   Section        0  indicate_semi.o(.text)
    i.BusFault_Handler                       0x08000546   Section        0  stm32f4xx_it.o(i.BusFault_Handler)
    i.Convert_To_Str                         0x08000548   Section        0  flash_sector_f4.o(i.Convert_To_Str)
    i.DebugMon_Handler                       0x08000588   Section        0  stm32f4xx_it.o(i.DebugMon_Handler)
    i.FLASH_Erase_Sector                     0x0800058c   Section        0  stm32f4xx_hal_flash_ex.o(i.FLASH_Erase_Sector)
    i.FLASH_FlushCaches                      0x080005dc   Section        0  stm32f4xx_hal_flash_ex.o(i.FLASH_FlushCaches)
    i.FLASH_MassErase                        0x08000630   Section        0  stm32f4xx_hal_flash_ex.o(i.FLASH_MassErase)
    FLASH_MassErase                          0x08000631   Thumb Code    34  stm32f4xx_hal_flash_ex.o(i.FLASH_MassErase)
    i.FLASH_Program_Byte                     0x08000658   Section        0  stm32f4xx_hal_flash.o(i.FLASH_Program_Byte)
    FLASH_Program_Byte                       0x08000659   Thumb Code    26  stm32f4xx_hal_flash.o(i.FLASH_Program_Byte)
    i.FLASH_Program_DoubleWord               0x08000678   Section        0  stm32f4xx_hal_flash.o(i.FLASH_Program_DoubleWord)
    FLASH_Program_DoubleWord                 0x08000679   Thumb Code    38  stm32f4xx_hal_flash.o(i.FLASH_Program_DoubleWord)
    i.FLASH_Program_HalfWord                 0x080006a4   Section        0  stm32f4xx_hal_flash.o(i.FLASH_Program_HalfWord)
    FLASH_Program_HalfWord                   0x080006a5   Thumb Code    30  stm32f4xx_hal_flash.o(i.FLASH_Program_HalfWord)
    i.FLASH_Program_Word                     0x080006c8   Section        0  stm32f4xx_hal_flash.o(i.FLASH_Program_Word)
    FLASH_Program_Word                       0x080006c9   Thumb Code    30  stm32f4xx_hal_flash.o(i.FLASH_Program_Word)
    i.FLASH_SetErrorCode                     0x080006ec   Section        0  stm32f4xx_hal_flash.o(i.FLASH_SetErrorCode)
    FLASH_SetErrorCode                       0x080006ed   Thumb Code   116  stm32f4xx_hal_flash.o(i.FLASH_SetErrorCode)
    i.FLASH_WaitForLastOperation             0x08000768   Section        0  stm32f4xx_hal_flash.o(i.FLASH_WaitForLastOperation)
    i.Flash_Read_Data                        0x080007b8   Section        0  flash_sector_f4.o(i.Flash_Read_Data)
    i.Flash_Write_Data                       0x080007c4   Section        0  flash_sector_f4.o(i.Flash_Write_Data)
    i.GetSector                              0x08000830   Section        0  flash_sector_f4.o(i.GetSector)
    GetSector                                0x08000831   Thumb Code   106  flash_sector_f4.o(i.GetSector)
    i.HAL_DMA_Abort_IT                       0x080008bc   Section        0  stm32f4xx_hal_dma.o(i.HAL_DMA_Abort_IT)
    i.HAL_DMA_GetState                       0x080008e0   Section        0  stm32f4xx_hal_dma.o(i.HAL_DMA_GetState)
    i.HAL_Delay                              0x080008e8   Section        0  stm32f4xx_hal.o(i.HAL_Delay)
    i.HAL_FLASHEx_Erase                      0x0800090c   Section        0  stm32f4xx_hal_flash_ex.o(i.HAL_FLASHEx_Erase)
    i.HAL_FLASH_GetError                     0x080009a4   Section        0  stm32f4xx_hal_flash.o(i.HAL_FLASH_GetError)
    i.HAL_FLASH_Lock                         0x080009b0   Section        0  stm32f4xx_hal_flash.o(i.HAL_FLASH_Lock)
    i.HAL_FLASH_Program                      0x080009c4   Section        0  stm32f4xx_hal_flash.o(i.HAL_FLASH_Program)
    i.HAL_FLASH_Unlock                       0x08000a40   Section        0  stm32f4xx_hal_flash.o(i.HAL_FLASH_Unlock)
    i.HAL_GPIO_Init                          0x08000a6c   Section        0  stm32f4xx_hal_gpio.o(i.HAL_GPIO_Init)
    i.HAL_GPIO_ReadPin                       0x08000c4c   Section        0  stm32f4xx_hal_gpio.o(i.HAL_GPIO_ReadPin)
    i.HAL_GPIO_WritePin                      0x08000c56   Section        0  stm32f4xx_hal_gpio.o(i.HAL_GPIO_WritePin)
    i.HAL_GetTick                            0x08000c60   Section        0  stm32f4xx_hal.o(i.HAL_GetTick)
    i.HAL_I2C_AbortCpltCallback              0x08000c6c   Section        0  stm32f4xx_hal_i2c.o(i.HAL_I2C_AbortCpltCallback)
    i.HAL_I2C_AddrCallback                   0x08000c6e   Section        0  stm32f4xx_hal_i2c.o(i.HAL_I2C_AddrCallback)
    i.HAL_I2C_EV_IRQHandler                  0x08000c70   Section        0  stm32f4xx_hal_i2c.o(i.HAL_I2C_EV_IRQHandler)
    i.HAL_I2C_ErrorCallback                  0x08000ea0   Section        0  stm32f4xx_hal_i2c.o(i.HAL_I2C_ErrorCallback)
    i.HAL_I2C_Init                           0x08000ea4   Section        0  stm32f4xx_hal_i2c.o(i.HAL_I2C_Init)
    i.HAL_I2C_ListenCpltCallback             0x0800102c   Section        0  stm32f4xx_hal_i2c.o(i.HAL_I2C_ListenCpltCallback)
    i.HAL_I2C_MasterRxCpltCallback           0x0800102e   Section        0  stm32f4xx_hal_i2c.o(i.HAL_I2C_MasterRxCpltCallback)
    i.HAL_I2C_MasterTxCpltCallback           0x08001030   Section        0  stm32f4xx_hal_i2c.o(i.HAL_I2C_MasterTxCpltCallback)
    i.HAL_I2C_Master_Transmit                0x08001034   Section        0  stm32f4xx_hal_i2c.o(i.HAL_I2C_Master_Transmit)
    i.HAL_I2C_MemRxCpltCallback              0x08001160   Section        0  stm32f4xx_hal_i2c.o(i.HAL_I2C_MemRxCpltCallback)
    i.HAL_I2C_MemTxCpltCallback              0x08001162   Section        0  stm32f4xx_hal_i2c.o(i.HAL_I2C_MemTxCpltCallback)
    i.HAL_I2C_MspInit                        0x08001164   Section        0  stm32f4xx_hal_msp.o(i.HAL_I2C_MspInit)
    i.HAL_I2C_SlaveRxCpltCallback            0x080011dc   Section        0  stm32f4xx_hal_i2c.o(i.HAL_I2C_SlaveRxCpltCallback)
    i.HAL_I2C_SlaveTxCpltCallback            0x080011de   Section        0  stm32f4xx_hal_i2c.o(i.HAL_I2C_SlaveTxCpltCallback)
    i.HAL_IncTick                            0x080011e0   Section        0  stm32f4xx_hal.o(i.HAL_IncTick)
    i.HAL_Init                               0x080011f0   Section        0  stm32f4xx_hal.o(i.HAL_Init)
    i.HAL_InitTick                           0x08001224   Section        0  stm32f4xx_hal.o(i.HAL_InitTick)
    i.HAL_MspInit                            0x08001264   Section        0  stm32f4xx_hal_msp.o(i.HAL_MspInit)
    i.HAL_NVIC_EnableIRQ                     0x08001294   Section        0  stm32f4xx_hal_cortex.o(i.HAL_NVIC_EnableIRQ)
    i.HAL_NVIC_SetPriority                   0x080012b0   Section        0  stm32f4xx_hal_cortex.o(i.HAL_NVIC_SetPriority)
    i.HAL_NVIC_SetPriorityGrouping           0x080012f0   Section        0  stm32f4xx_hal_cortex.o(i.HAL_NVIC_SetPriorityGrouping)
    i.HAL_RCC_ClockConfig                    0x08001314   Section        0  stm32f4xx_hal_rcc.o(i.HAL_RCC_ClockConfig)
    i.HAL_RCC_GetPCLK1Freq                   0x08001448   Section        0  stm32f4xx_hal_rcc.o(i.HAL_RCC_GetPCLK1Freq)
    i.HAL_RCC_GetSysClockFreq                0x08001468   Section        0  stm32f4xx_hal_rcc.o(i.HAL_RCC_GetSysClockFreq)
    i.HAL_RCC_OscConfig                      0x080014c8   Section        0  stm32f4xx_hal_rcc.o(i.HAL_RCC_OscConfig)
    i.HAL_SPI_Init                           0x08001834   Section        0  stm32f4xx_hal_spi.o(i.HAL_SPI_Init)
    i.HAL_SPI_MspInit                        0x080018f0   Section        0  stm32f4xx_hal_msp.o(i.HAL_SPI_MspInit)
    i.HAL_SPI_TransmitReceive                0x08001958   Section        0  stm32f4xx_hal_spi.o(i.HAL_SPI_TransmitReceive)
    i.HAL_SYSTICK_Config                     0x08001b3a   Section        0  stm32f4xx_hal_cortex.o(i.HAL_SYSTICK_Config)
    i.HAL_TIMEx_BreakCallback                0x08001b62   Section        0  stm32f4xx_hal_tim_ex.o(i.HAL_TIMEx_BreakCallback)
    i.HAL_TIMEx_CommutCallback               0x08001b64   Section        0  stm32f4xx_hal_tim_ex.o(i.HAL_TIMEx_CommutCallback)
    i.HAL_TIM_Base_Init                      0x08001b66   Section        0  stm32f4xx_hal_tim.o(i.HAL_TIM_Base_Init)
    i.HAL_TIM_Base_MspInit                   0x08001bc0   Section        0  stm32f4xx_hal_msp.o(i.HAL_TIM_Base_MspInit)
    i.HAL_TIM_Base_Start_IT                  0x08001bfc   Section        0  stm32f4xx_hal_tim.o(i.HAL_TIM_Base_Start_IT)
    i.HAL_TIM_IC_CaptureCallback             0x08001c68   Section        0  stm32f4xx_hal_tim.o(i.HAL_TIM_IC_CaptureCallback)
    i.HAL_TIM_IRQHandler                     0x08001c6a   Section        0  stm32f4xx_hal_tim.o(i.HAL_TIM_IRQHandler)
    i.HAL_TIM_OC_DelayElapsedCallback        0x08001dd0   Section        0  stm32f4xx_hal_tim.o(i.HAL_TIM_OC_DelayElapsedCallback)
    i.HAL_TIM_PWM_PulseFinishedCallback      0x08001dd2   Section        0  stm32f4xx_hal_tim.o(i.HAL_TIM_PWM_PulseFinishedCallback)
    i.HAL_TIM_PeriodElapsedCallback          0x08001dd4   Section        0  stm32f4xx_hal_tim.o(i.HAL_TIM_PeriodElapsedCallback)
    i.HAL_TIM_TriggerCallback                0x08001dd6   Section        0  stm32f4xx_hal_tim.o(i.HAL_TIM_TriggerCallback)
    i.HardFault_Handler                      0x08001dd8   Section        0  stm32f4xx_it.o(i.HardFault_Handler)
    i.I2C1_EV_IRQHandler                     0x08001ddc   Section        0  stm32f4xx_it.o(i.I2C1_EV_IRQHandler)
    i.I2C_DMAAbort                           0x08001de8   Section        0  stm32f4xx_hal_i2c.o(i.I2C_DMAAbort)
    I2C_DMAAbort                             0x08001de9   Thumb Code   182  stm32f4xx_hal_i2c.o(i.I2C_DMAAbort)
    i.I2C_ITError                            0x08001ea4   Section        0  stm32f4xx_hal_i2c.o(i.I2C_ITError)
    I2C_ITError                              0x08001ea5   Thumb Code   336  stm32f4xx_hal_i2c.o(i.I2C_ITError)
    i.I2C_IsAcknowledgeFailed                0x08001ffc   Section        0  stm32f4xx_hal_i2c.o(i.I2C_IsAcknowledgeFailed)
    I2C_IsAcknowledgeFailed                  0x08001ffd   Thumb Code    46  stm32f4xx_hal_i2c.o(i.I2C_IsAcknowledgeFailed)
    i.I2C_MasterReceive_BTF                  0x0800202a   Section        0  stm32f4xx_hal_i2c.o(i.I2C_MasterReceive_BTF)
    I2C_MasterReceive_BTF                    0x0800202b   Thumb Code   210  stm32f4xx_hal_i2c.o(i.I2C_MasterReceive_BTF)
    i.I2C_MasterReceive_RXNE                 0x080020fc   Section        0  stm32f4xx_hal_i2c.o(i.I2C_MasterReceive_RXNE)
    I2C_MasterReceive_RXNE                   0x080020fd   Thumb Code   228  stm32f4xx_hal_i2c.o(i.I2C_MasterReceive_RXNE)
    i.I2C_MasterRequestWrite                 0x080021e4   Section        0  stm32f4xx_hal_i2c.o(i.I2C_MasterRequestWrite)
    I2C_MasterRequestWrite                   0x080021e5   Thumb Code   150  stm32f4xx_hal_i2c.o(i.I2C_MasterRequestWrite)
    i.I2C_MasterTransmit_BTF                 0x08002280   Section        0  stm32f4xx_hal_i2c.o(i.I2C_MasterTransmit_BTF)
    I2C_MasterTransmit_BTF                   0x08002281   Thumb Code   130  stm32f4xx_hal_i2c.o(i.I2C_MasterTransmit_BTF)
    i.I2C_MasterTransmit_TXE                 0x08002304   Section        0  stm32f4xx_hal_i2c.o(i.I2C_MasterTransmit_TXE)
    I2C_MasterTransmit_TXE                   0x08002305   Thumb Code   182  stm32f4xx_hal_i2c.o(i.I2C_MasterTransmit_TXE)
    i.I2C_Master_ADDR                        0x080023bc   Section        0  stm32f4xx_hal_i2c.o(i.I2C_Master_ADDR)
    I2C_Master_ADDR                          0x080023bd   Thumb Code   276  stm32f4xx_hal_i2c.o(i.I2C_Master_ADDR)
    i.I2C_Master_SB                          0x080024d4   Section        0  stm32f4xx_hal_i2c.o(i.I2C_Master_SB)
    I2C_Master_SB                            0x080024d5   Thumb Code   140  stm32f4xx_hal_i2c.o(i.I2C_Master_SB)
    i.I2C_MemoryTransmit_TXE_BTF             0x08002560   Section        0  stm32f4xx_hal_i2c.o(i.I2C_MemoryTransmit_TXE_BTF)
    I2C_MemoryTransmit_TXE_BTF               0x08002561   Thumb Code   160  stm32f4xx_hal_i2c.o(i.I2C_MemoryTransmit_TXE_BTF)
    i.I2C_Slave_ADDR                         0x08002600   Section        0  stm32f4xx_hal_i2c.o(i.I2C_Slave_ADDR)
    I2C_Slave_ADDR                           0x08002601   Thumb Code    70  stm32f4xx_hal_i2c.o(i.I2C_Slave_ADDR)
    i.I2C_Slave_STOPF                        0x08002648   Section        0  stm32f4xx_hal_i2c.o(i.I2C_Slave_STOPF)
    I2C_Slave_STOPF                          0x08002649   Thumb Code   338  stm32f4xx_hal_i2c.o(i.I2C_Slave_STOPF)
    i.I2C_WaitOnBTFFlagUntilTimeout          0x080027a4   Section        0  stm32f4xx_hal_i2c.o(i.I2C_WaitOnBTFFlagUntilTimeout)
    I2C_WaitOnBTFFlagUntilTimeout            0x080027a5   Thumb Code    76  stm32f4xx_hal_i2c.o(i.I2C_WaitOnBTFFlagUntilTimeout)
    i.I2C_WaitOnFlagUntilTimeout             0x080027f0   Section        0  stm32f4xx_hal_i2c.o(i.I2C_WaitOnFlagUntilTimeout)
    I2C_WaitOnFlagUntilTimeout               0x080027f1   Thumb Code   104  stm32f4xx_hal_i2c.o(i.I2C_WaitOnFlagUntilTimeout)
    i.I2C_WaitOnMasterAddressFlagUntilTimeout 0x08002858   Section        0  stm32f4xx_hal_i2c.o(i.I2C_WaitOnMasterAddressFlagUntilTimeout)
    I2C_WaitOnMasterAddressFlagUntilTimeout  0x08002859   Thumb Code   150  stm32f4xx_hal_i2c.o(i.I2C_WaitOnMasterAddressFlagUntilTimeout)
    i.I2C_WaitOnTXEFlagUntilTimeout          0x080028ee   Section        0  stm32f4xx_hal_i2c.o(i.I2C_WaitOnTXEFlagUntilTimeout)
    I2C_WaitOnTXEFlagUntilTimeout            0x080028ef   Thumb Code    76  stm32f4xx_hal_i2c.o(i.I2C_WaitOnTXEFlagUntilTimeout)
    i.MFRC522_AntennaOn                      0x0800293a   Section        0  rc522.o(i.MFRC522_AntennaOn)
    i.MFRC522_Anticoll                       0x08002954   Section        0  rc522.o(i.MFRC522_Anticoll)
    i.MFRC522_CalculateCRC                   0x08002996   Section        0  rc522.o(i.MFRC522_CalculateCRC)
    i.MFRC522_Check                          0x080029f4   Section        0  rc522.o(i.MFRC522_Check)
    i.MFRC522_ClearBitMask                   0x08002a14   Section        0  rc522.o(i.MFRC522_ClearBitMask)
    i.MFRC522_Compare                        0x08002a2c   Section        0  rc522.o(i.MFRC522_Compare)
    i.MFRC522_Halt                           0x08002a48   Section        0  rc522.o(i.MFRC522_Halt)
    i.MFRC522_Init                           0x08002a74   Section        0  rc522.o(i.MFRC522_Init)
    i.MFRC522_ReadRegister                   0x08002aba   Section        0  rc522.o(i.MFRC522_ReadRegister)
    i.MFRC522_Request                        0x08002ac8   Section        0  rc522.o(i.MFRC522_Request)
    i.MFRC522_Reset                          0x08002af6   Section        0  rc522.o(i.MFRC522_Reset)
    i.MFRC522_SetBitMask                     0x08002afe   Section        0  rc522.o(i.MFRC522_SetBitMask)
    i.MFRC522_ToCard                         0x08002b16   Section        0  rc522.o(i.MFRC522_ToCard)
    i.MFRC522_WriteRegister                  0x08002c2a   Section        0  rc522.o(i.MFRC522_WriteRegister)
    i.MX_GPIO_Init                           0x08002c34   Section        0  main.o(i.MX_GPIO_Init)
    MX_GPIO_Init                             0x08002c35   Thumb Code   174  main.o(i.MX_GPIO_Init)
    i.MX_SPI1_Init                           0x08002cf0   Section        0  main.o(i.MX_SPI1_Init)
    MX_SPI1_Init                             0x08002cf1   Thumb Code    58  main.o(i.MX_SPI1_Init)
    i.MemManage_Handler                      0x08002d34   Section        0  stm32f4xx_it.o(i.MemManage_Handler)
    i.NMI_Handler                            0x08002d36   Section        0  stm32f4xx_it.o(i.NMI_Handler)
    i.PendSV_Handler                         0x08002d38   Section        0  stm32f4xx_it.o(i.PendSV_Handler)
    i.RFID_task                              0x08002d3c   Section        0  lock_system.o(i.RFID_task)
    i.SPI1SendByte                           0x08002f4c   Section        0  rc522.o(i.SPI1SendByte)
    i.SPI1_ReadReg                           0x08002f6c   Section        0  rc522.o(i.SPI1_ReadReg)
    i.SPI1_WriteReg                          0x08002f9c   Section        0  rc522.o(i.SPI1_WriteReg)
    i.SPI_EndRxTxTransaction                 0x08002fcc   Section        0  stm32f4xx_hal_spi.o(i.SPI_EndRxTxTransaction)
    SPI_EndRxTxTransaction                   0x08002fcd   Thumb Code    80  stm32f4xx_hal_spi.o(i.SPI_EndRxTxTransaction)
    i.SPI_WaitFlagStateUntilTimeout          0x08003024   Section        0  stm32f4xx_hal_spi.o(i.SPI_WaitFlagStateUntilTimeout)
    SPI_WaitFlagStateUntilTimeout            0x08003025   Thumb Code   180  stm32f4xx_hal_spi.o(i.SPI_WaitFlagStateUntilTimeout)
    i.SVC_Handler                            0x080030dc   Section        0  stm32f4xx_it.o(i.SVC_Handler)
    i.SysTick_Handler                        0x080030de   Section        0  stm32f4xx_it.o(i.SysTick_Handler)
    i.SystemClock_Config                     0x080030e4   Section        0  main.o(i.SystemClock_Config)
    i.SystemInit                             0x08003178   Section        0  system_stm32f4xx.o(i.SystemInit)
    i.TIM1_UP_TIM10_IRQHandler               0x08003188   Section        0  stm32f4xx_it.o(i.TIM1_UP_TIM10_IRQHandler)
    i.TIM_Base_SetConfig                     0x08003194   Section        0  stm32f4xx_hal_tim.o(i.TIM_Base_SetConfig)
    i.UsageFault_Handler                     0x0800322c   Section        0  stm32f4xx_it.o(i.UsageFault_Handler)
    i.__NVIC_SetPriority                     0x0800322e   Section        0  stm32f4xx_hal_cortex.o(i.__NVIC_SetPriority)
    __NVIC_SetPriority                       0x0800322f   Thumb Code    32  stm32f4xx_hal_cortex.o(i.__NVIC_SetPriority)
    i.change_pass                            0x08003250   Section        0  lock_system.o(i.change_pass)
    i.delay_1ms                              0x08003348   Section        0  lock_system.o(i.delay_1ms)
    i.delay_ms                               0x08003360   Section        0  lock_system.o(i.delay_ms)
    i.getDefaultPass_FromFlash               0x08003374   Section        0  lock_system.o(i.getDefaultPass_FromFlash)
    i.keypad_password                        0x080033a0   Section        0  lock_system.o(i.keypad_password)
    i.lcd_clear                              0x08003520   Section        0  i2c-lcd.o(i.lcd_clear)
    i.lcd_put_cur                            0x08003538   Section        0  i2c-lcd.o(i.lcd_put_cur)
    i.lcd_send_cmd                           0x08003550   Section        0  i2c-lcd.o(i.lcd_send_cmd)
    i.lcd_send_data                          0x08003590   Section        0  i2c-lcd.o(i.lcd_send_data)
    i.lcd_send_string                        0x080035d0   Section        0  i2c-lcd.o(i.lcd_send_string)
    i.main                                   0x080035e4   Section        0  main.o(i.main)
    i.password_enter                         0x08003890   Section        0  lock_system.o(i.password_enter)
    i.read_keypad                            0x08003914   Section        0  lock_system.o(i.read_keypad)
    i.unlock_door                            0x08003b9c   Section        0  lock_system.o(i.unlock_door)
    x$fpl$fpinit                             0x08003c28   Section       10  fpinit.o(x$fpl$fpinit)
    $v0                                      0x08003c28   Number         0  fpinit.o(x$fpl$fpinit)
    .constdata                               0x08003c32   Section       16  system_stm32f4xx.o(.constdata)
    .constdata                               0x08003c42   Section        8  system_stm32f4xx.o(.constdata)
    .data                                    0x20000000   Section       24  main.o(.data)
    .data                                    0x20000018   Section        4  main.o(.data)
    .data                                    0x2000001c   Section        4  main.o(.data)
    .data                                    0x20000020   Section        4  main.o(.data)
    .data                                    0x20000024   Section       12  stm32f4xx_hal.o(.data)
    .data                                    0x20000030   Section        4  system_stm32f4xx.o(.data)
    .bss                                     0x20000034   Section      380  main.o(.bss)
    .bss                                     0x200001b0   Section       16  main.o(.bss)
    .bss                                     0x200001c0   Section      120  main.o(.bss)
    .bss                                     0x20000238   Section       20  flash_sector_f4.o(.bss)
    EraseInitStruct                          0x20000238   Data          20  flash_sector_f4.o(.bss)
    .bss                                     0x2000024c   Section       32  stm32f4xx_hal_flash.o(.bss)
    .bss                                     0x2000026c   Section       96  libspace.o(.bss)
    HEAP                                     0x200002d0   Section      512  startup_stm32f411xe.o(HEAP)
    Heap_Mem                                 0x200002d0   Data         512  startup_stm32f411xe.o(HEAP)
    STACK                                    0x200004d0   Section     1024  startup_stm32f411xe.o(STACK)
    Stack_Mem                                0x200004d0   Data        1024  startup_stm32f411xe.o(STACK)
    __initial_sp                             0x200008d0   Data           0  startup_stm32f411xe.o(STACK)

    Global Symbols

    Symbol Name                              Value     Ov Type        Size  Object(Section)

    BuildAttributes$$THM_ISAv4$E$P$D$K$B$S$7EM$VFPi3$EXTD16$VFPS$VFMA$PE$A:L22UL41UL21$X:L11$S22US41US21$IEEE1$IW$USESV6$~STKCKD$USESV7$~SHL$OSPACE$ROPI$EBA8$UX$STANDARDLIB$REQ8$PRES8$EABIv2 0x00000000   Number         0  anon$$obj.o ABSOLUTE
    __ARM_use_no_argv                        0x00000000   Number         0  main.o ABSOLUTE
    __ARM_exceptions_init                     - Undefined Weak Reference
    __alloca_initialize                       - Undefined Weak Reference
    __arm_preinit_                            - Undefined Weak Reference
    __cpp_initialize__aeabi_                  - Undefined Weak Reference
    __cxa_finalize                            - Undefined Weak Reference
    __rt_locale                               - Undefined Weak Reference
    __sigvec_lookup                           - Undefined Weak Reference
    _atexit_init                              - Undefined Weak Reference
    _call_atexit_fns                          - Undefined Weak Reference
    _clock_init                               - Undefined Weak Reference
    _fp_trap_init                             - Undefined Weak Reference
    _fp_trap_shutdown                         - Undefined Weak Reference
    _get_lc_collate                           - Undefined Weak Reference
    _get_lc_ctype                             - Undefined Weak Reference
    _get_lc_monetary                          - Undefined Weak Reference
    _get_lc_numeric                           - Undefined Weak Reference
    _get_lc_time                              - Undefined Weak Reference
    _getenv_init                              - Undefined Weak Reference
    _handle_redirection                       - Undefined Weak Reference
    _init_alloc                               - Undefined Weak Reference
    _init_user_alloc                          - Undefined Weak Reference
    _initio                                   - Undefined Weak Reference
    _rand_init                                - Undefined Weak Reference
    _signal_finish                            - Undefined Weak Reference
    _signal_init                              - Undefined Weak Reference
    _terminate_alloc                          - Undefined Weak Reference
    _terminate_user_alloc                     - Undefined Weak Reference
    _terminateio                              - Undefined Weak Reference
    __Vectors_Size                           0x00000198   Number         0  startup_stm32f411xe.o ABSOLUTE
    __Vectors                                0x08000000   Data           4  startup_stm32f411xe.o(RESET)
    __Vectors_End                            0x08000198   Data           0  startup_stm32f411xe.o(RESET)
    __main                                   0x08000199   Thumb Code     8  __main.o(!!!main)
    __scatterload                            0x080001a1   Thumb Code     0  __scatter.o(!!!scatter)
    __scatterload_rt2                        0x080001a1   Thumb Code    44  __scatter.o(!!!scatter)
    __scatterload_rt2_thumb_only             0x080001a1   Thumb Code     0  __scatter.o(!!!scatter)
    __scatterload_null                       0x080001af   Thumb Code     0  __scatter.o(!!!scatter)
    __scatterload_copy                       0x080001d5   Thumb Code    26  __scatter_copy.o(!!handler_copy)
    __scatterload_zeroinit                   0x080001f1   Thumb Code    28  __scatter_zi.o(!!handler_zi)
    __rt_lib_init                            0x0800020d   Thumb Code     0  libinit.o(.ARM.Collect$$libinit$$00000000)
    __rt_lib_init_fp_1                       0x0800020f   Thumb Code     0  libinit2.o(.ARM.Collect$$libinit$$00000001)
    __rt_lib_init_alloca_1                   0x08000213   Thumb Code     0  libinit2.o(.ARM.Collect$$libinit$$0000002E)
    __rt_lib_init_argv_1                     0x08000213   Thumb Code     0  libinit2.o(.ARM.Collect$$libinit$$0000002C)
    __rt_lib_init_atexit_1                   0x08000213   Thumb Code     0  libinit2.o(.ARM.Collect$$libinit$$0000001B)
    __rt_lib_init_clock_1                    0x08000213   Thumb Code     0  libinit2.o(.ARM.Collect$$libinit$$00000021)
    __rt_lib_init_cpp_1                      0x08000213   Thumb Code     0  libinit2.o(.ARM.Collect$$libinit$$00000032)
    __rt_lib_init_exceptions_1               0x08000213   Thumb Code     0  libinit2.o(.ARM.Collect$$libinit$$00000030)
    __rt_lib_init_fp_trap_1                  0x08000213   Thumb Code     0  libinit2.o(.ARM.Collect$$libinit$$0000001F)
    __rt_lib_init_getenv_1                   0x08000213   Thumb Code     0  libinit2.o(.ARM.Collect$$libinit$$00000023)
    __rt_lib_init_heap_1                     0x08000213   Thumb Code     0  libinit2.o(.ARM.Collect$$libinit$$0000000A)
    __rt_lib_init_lc_collate_1               0x08000213   Thumb Code     0  libinit2.o(.ARM.Collect$$libinit$$00000011)
    __rt_lib_init_lc_ctype_1                 0x08000213   Thumb Code     0  libinit2.o(.ARM.Collect$$libinit$$00000013)
    __rt_lib_init_lc_monetary_1              0x08000213   Thumb Code     0  libinit2.o(.ARM.Collect$$libinit$$00000015)
    __rt_lib_init_lc_numeric_1               0x08000213   Thumb Code     0  libinit2.o(.ARM.Collect$$libinit$$00000017)
    __rt_lib_init_lc_time_1                  0x08000213   Thumb Code     0  libinit2.o(.ARM.Collect$$libinit$$00000019)
    __rt_lib_init_preinit_1                  0x08000213   Thumb Code     0  libinit2.o(.ARM.Collect$$libinit$$00000004)
    __rt_lib_init_rand_1                     0x08000213   Thumb Code     0  libinit2.o(.ARM.Collect$$libinit$$0000000E)
    __rt_lib_init_return                     0x08000213   Thumb Code     0  libinit2.o(.ARM.Collect$$libinit$$00000033)
    __rt_lib_init_signal_1                   0x08000213   Thumb Code     0  libinit2.o(.ARM.Collect$$libinit$$0000001D)
    __rt_lib_init_stdio_1                    0x08000213   Thumb Code     0  libinit2.o(.ARM.Collect$$libinit$$00000025)
    __rt_lib_init_user_alloc_1               0x08000213   Thumb Code     0  libinit2.o(.ARM.Collect$$libinit$$0000000C)
    __rt_lib_shutdown                        0x08000215   Thumb Code     0  libshutdown.o(.ARM.Collect$$libshutdown$$00000000)
    __rt_lib_shutdown_cpp_1                  0x08000217   Thumb Code     0  libshutdown2.o(.ARM.Collect$$libshutdown$$00000002)
    __rt_lib_shutdown_fp_trap_1              0x08000217   Thumb Code     0  libshutdown2.o(.ARM.Collect$$libshutdown$$00000007)
    __rt_lib_shutdown_heap_1                 0x08000217   Thumb Code     0  libshutdown2.o(.ARM.Collect$$libshutdown$$0000000F)
    __rt_lib_shutdown_return                 0x08000217   Thumb Code     0  libshutdown2.o(.ARM.Collect$$libshutdown$$00000010)
    __rt_lib_shutdown_signal_1               0x08000217   Thumb Code     0  libshutdown2.o(.ARM.Collect$$libshutdown$$0000000A)
    __rt_lib_shutdown_stdio_1                0x08000217   Thumb Code     0  libshutdown2.o(.ARM.Collect$$libshutdown$$00000004)
    __rt_lib_shutdown_user_alloc_1           0x08000217   Thumb Code     0  libshutdown2.o(.ARM.Collect$$libshutdown$$0000000C)
    __rt_entry                               0x08000219   Thumb Code     0  __rtentry.o(.ARM.Collect$$rtentry$$00000000)
    __rt_entry_presh_1                       0x08000219   Thumb Code     0  __rtentry2.o(.ARM.Collect$$rtentry$$00000002)
    __rt_entry_sh                            0x08000219   Thumb Code     0  __rtentry4.o(.ARM.Collect$$rtentry$$00000004)
    __rt_entry_li                            0x0800021f   Thumb Code     0  __rtentry2.o(.ARM.Collect$$rtentry$$0000000A)
    __rt_entry_postsh_1                      0x0800021f   Thumb Code     0  __rtentry2.o(.ARM.Collect$$rtentry$$00000009)
    __rt_entry_main                          0x08000223   Thumb Code     0  __rtentry2.o(.ARM.Collect$$rtentry$$0000000D)
    __rt_entry_postli_1                      0x08000223   Thumb Code     0  __rtentry2.o(.ARM.Collect$$rtentry$$0000000C)
    __rt_exit                                0x0800022b   Thumb Code     0  rtexit.o(.ARM.Collect$$rtexit$$00000000)
    __rt_exit_ls                             0x0800022d   Thumb Code     0  rtexit2.o(.ARM.Collect$$rtexit$$00000003)
    __rt_exit_prels_1                        0x0800022d   Thumb Code     0  rtexit2.o(.ARM.Collect$$rtexit$$00000002)
    __rt_exit_exit                           0x08000231   Thumb Code     0  rtexit2.o(.ARM.Collect$$rtexit$$00000004)
    Reset_Handler                            0x08000239   Thumb Code     8  startup_stm32f411xe.o(.text)
    ADC_IRQHandler                           0x08000253   Thumb Code     0  startup_stm32f411xe.o(.text)
    DMA1_Stream0_IRQHandler                  0x08000253   Thumb Code     0  startup_stm32f411xe.o(.text)
    DMA1_Stream1_IRQHandler                  0x08000253   Thumb Code     0  startup_stm32f411xe.o(.text)
    DMA1_Stream2_IRQHandler                  0x08000253   Thumb Code     0  startup_stm32f411xe.o(.text)
    DMA1_Stream3_IRQHandler                  0x08000253   Thumb Code     0  startup_stm32f411xe.o(.text)
    DMA1_Stream4_IRQHandler                  0x08000253   Thumb Code     0  startup_stm32f411xe.o(.text)
    DMA1_Stream5_IRQHandler                  0x08000253   Thumb Code     0  startup_stm32f411xe.o(.text)
    DMA1_Stream6_IRQHandler                  0x08000253   Thumb Code     0  startup_stm32f411xe.o(.text)
    DMA1_Stream7_IRQHandler                  0x08000253   Thumb Code     0  startup_stm32f411xe.o(.text)
    DMA2_Stream0_IRQHandler                  0x08000253   Thumb Code     0  startup_stm32f411xe.o(.text)
    DMA2_Stream1_IRQHandler                  0x08000253   Thumb Code     0  startup_stm32f411xe.o(.text)
    DMA2_Stream2_IRQHandler                  0x08000253   Thumb Code     0  startup_stm32f411xe.o(.text)
    DMA2_Stream3_IRQHandler                  0x08000253   Thumb Code     0  startup_stm32f411xe.o(.text)
    DMA2_Stream4_IRQHandler                  0x08000253   Thumb Code     0  startup_stm32f411xe.o(.text)
    DMA2_Stream5_IRQHandler                  0x08000253   Thumb Code     0  startup_stm32f411xe.o(.text)
    DMA2_Stream6_IRQHandler                  0x08000253   Thumb Code     0  startup_stm32f411xe.o(.text)
    DMA2_Stream7_IRQHandler                  0x08000253   Thumb Code     0  startup_stm32f411xe.o(.text)
    EXTI0_IRQHandler                         0x08000253   Thumb Code     0  startup_stm32f411xe.o(.text)
    EXTI15_10_IRQHandler                     0x08000253   Thumb Code     0  startup_stm32f411xe.o(.text)
    EXTI1_IRQHandler                         0x08000253   Thumb Code     0  startup_stm32f411xe.o(.text)
    EXTI2_IRQHandler                         0x08000253   Thumb Code     0  startup_stm32f411xe.o(.text)
    EXTI3_IRQHandler                         0x08000253   Thumb Code     0  startup_stm32f411xe.o(.text)
    EXTI4_IRQHandler                         0x08000253   Thumb Code     0  startup_stm32f411xe.o(.text)
    EXTI9_5_IRQHandler                       0x08000253   Thumb Code     0  startup_stm32f411xe.o(.text)
    FLASH_IRQHandler                         0x08000253   Thumb Code     0  startup_stm32f411xe.o(.text)
    FPU_IRQHandler                           0x08000253   Thumb Code     0  startup_stm32f411xe.o(.text)
    I2C1_ER_IRQHandler                       0x08000253   Thumb Code     0  startup_stm32f411xe.o(.text)
    I2C2_ER_IRQHandler                       0x08000253   Thumb Code     0  startup_stm32f411xe.o(.text)
    I2C2_EV_IRQHandler                       0x08000253   Thumb Code     0  startup_stm32f411xe.o(.text)
    I2C3_ER_IRQHandler                       0x08000253   Thumb Code     0  startup_stm32f411xe.o(.text)
    I2C3_EV_IRQHandler                       0x08000253   Thumb Code     0  startup_stm32f411xe.o(.text)
    OTG_FS_IRQHandler                        0x08000253   Thumb Code     0  startup_stm32f411xe.o(.text)
    OTG_FS_WKUP_IRQHandler                   0x08000253   Thumb Code     0  startup_stm32f411xe.o(.text)
    PVD_IRQHandler                           0x08000253   Thumb Code     0  startup_stm32f411xe.o(.text)
    RCC_IRQHandler                           0x08000253   Thumb Code     0  startup_stm32f411xe.o(.text)
    RTC_Alarm_IRQHandler                     0x08000253   Thumb Code     0  startup_stm32f411xe.o(.text)
    RTC_WKUP_IRQHandler                      0x08000253   Thumb Code     0  startup_stm32f411xe.o(.text)
    SDIO_IRQHandler                          0x08000253   Thumb Code     0  startup_stm32f411xe.o(.text)
    SPI1_IRQHandler                          0x08000253   Thumb Code     0  startup_stm32f411xe.o(.text)
    SPI2_IRQHandler                          0x08000253   Thumb Code     0  startup_stm32f411xe.o(.text)
    SPI3_IRQHandler                          0x08000253   Thumb Code     0  startup_stm32f411xe.o(.text)
    SPI4_IRQHandler                          0x08000253   Thumb Code     0  startup_stm32f411xe.o(.text)
    SPI5_IRQHandler                          0x08000253   Thumb Code     0  startup_stm32f411xe.o(.text)
    TAMP_STAMP_IRQHandler                    0x08000253   Thumb Code     0  startup_stm32f411xe.o(.text)
    TIM1_BRK_TIM9_IRQHandler                 0x08000253   Thumb Code     0  startup_stm32f411xe.o(.text)
    TIM1_CC_IRQHandler                       0x08000253   Thumb Code     0  startup_stm32f411xe.o(.text)
    TIM1_TRG_COM_TIM11_IRQHandler            0x08000253   Thumb Code     0  startup_stm32f411xe.o(.text)
    TIM2_IRQHandler                          0x08000253   Thumb Code     0  startup_stm32f411xe.o(.text)
    TIM3_IRQHandler                          0x08000253   Thumb Code     0  startup_stm32f411xe.o(.text)
    TIM4_IRQHandler                          0x08000253   Thumb Code     0  startup_stm32f411xe.o(.text)
    TIM5_IRQHandler                          0x08000253   Thumb Code     0  startup_stm32f411xe.o(.text)
    USART1_IRQHandler                        0x08000253   Thumb Code     0  startup_stm32f411xe.o(.text)
    USART2_IRQHandler                        0x08000253   Thumb Code     0  startup_stm32f411xe.o(.text)
    USART6_IRQHandler                        0x08000253   Thumb Code     0  startup_stm32f411xe.o(.text)
    WWDG_IRQHandler                          0x08000253   Thumb Code     0  startup_stm32f411xe.o(.text)
    __user_initial_stackheap                 0x08000255   Thumb Code     0  startup_stm32f411xe.o(.text)
    __aeabi_uldivmod                         0x08000279   Thumb Code     0  lludivv7m.o(.text)
    _ll_udiv                                 0x08000279   Thumb Code   238  lludivv7m.o(.text)
    strlen                                   0x08000367   Thumb Code    62  strlen.o(.text)
    strncmp                                  0x080003a5   Thumb Code   150  strncmp.o(.text)
    __aeabi_memclr                           0x0800043b   Thumb Code     0  rt_memclr.o(.text)
    __rt_memclr                              0x0800043b   Thumb Code    68  rt_memclr.o(.text)
    _memset                                  0x0800043f   Thumb Code     0  rt_memclr.o(.text)
    __aeabi_memclr4                          0x0800047f   Thumb Code     0  rt_memclr_w.o(.text)
    __aeabi_memclr8                          0x0800047f   Thumb Code     0  rt_memclr_w.o(.text)
    __rt_memclr_w                            0x0800047f   Thumb Code    78  rt_memclr_w.o(.text)
    _memset_w                                0x08000483   Thumb Code     0  rt_memclr_w.o(.text)
    __use_two_region_memory                  0x080004cd   Thumb Code     2  heapauxi.o(.text)
    __rt_heap_escrow$2region                 0x080004cf   Thumb Code     2  heapauxi.o(.text)
    __rt_heap_expand$2region                 0x080004d1   Thumb Code     2  heapauxi.o(.text)
    __user_setup_stackheap                   0x080004d3   Thumb Code    74  sys_stackheap_outer.o(.text)
    exit                                     0x0800051d   Thumb Code    18  exit.o(.text)
    __user_libspace                          0x08000531   Thumb Code     8  libspace.o(.text)
    __user_perproc_libspace                  0x08000531   Thumb Code     0  libspace.o(.text)
    __user_perthread_libspace                0x08000531   Thumb Code     0  libspace.o(.text)
    _sys_exit                                0x08000539   Thumb Code     8  sys_exit.o(.text)
    __I$use$semihosting                      0x08000545   Thumb Code     0  use_no_semi.o(.text)
    __use_no_semihosting_swi                 0x08000545   Thumb Code     2  use_no_semi.o(.text)
    BusFault_Handler                         0x08000547   Thumb Code     2  stm32f4xx_it.o(i.BusFault_Handler)
    __semihosting_library_function           0x08000547   Thumb Code     0  indicate_semi.o(.text)
    Convert_To_Str                           0x08000549   Thumb Code    64  flash_sector_f4.o(i.Convert_To_Str)
    DebugMon_Handler                         0x08000589   Thumb Code     2  stm32f4xx_it.o(i.DebugMon_Handler)
    FLASH_Erase_Sector                       0x0800058d   Thumb Code    74  stm32f4xx_hal_flash_ex.o(i.FLASH_Erase_Sector)
    FLASH_FlushCaches                        0x080005dd   Thumb Code    80  stm32f4xx_hal_flash_ex.o(i.FLASH_FlushCaches)
    FLASH_WaitForLastOperation               0x08000769   Thumb Code    72  stm32f4xx_hal_flash.o(i.FLASH_WaitForLastOperation)
    Flash_Read_Data                          0x080007b9   Thumb Code    12  flash_sector_f4.o(i.Flash_Read_Data)
    Flash_Write_Data                         0x080007c5   Thumb Code   104  flash_sector_f4.o(i.Flash_Write_Data)
    HAL_DMA_Abort_IT                         0x080008bd   Thumb Code    36  stm32f4xx_hal_dma.o(i.HAL_DMA_Abort_IT)
    HAL_DMA_GetState                         0x080008e1   Thumb Code     6  stm32f4xx_hal_dma.o(i.HAL_DMA_GetState)
    HAL_Delay                                0x080008e9   Thumb Code    32  stm32f4xx_hal.o(i.HAL_Delay)
    HAL_FLASHEx_Erase                        0x0800090d   Thumb Code   144  stm32f4xx_hal_flash_ex.o(i.HAL_FLASHEx_Erase)
    HAL_FLASH_GetError                       0x080009a5   Thumb Code     6  stm32f4xx_hal_flash.o(i.HAL_FLASH_GetError)
    HAL_FLASH_Lock                           0x080009b1   Thumb Code    14  stm32f4xx_hal_flash.o(i.HAL_FLASH_Lock)
    HAL_FLASH_Program                        0x080009c5   Thumb Code   116  stm32f4xx_hal_flash.o(i.HAL_FLASH_Program)
    HAL_FLASH_Unlock                         0x08000a41   Thumb Code    32  stm32f4xx_hal_flash.o(i.HAL_FLASH_Unlock)
    HAL_GPIO_Init                            0x08000a6d   Thumb Code   446  stm32f4xx_hal_gpio.o(i.HAL_GPIO_Init)
    HAL_GPIO_ReadPin                         0x08000c4d   Thumb Code    10  stm32f4xx_hal_gpio.o(i.HAL_GPIO_ReadPin)
    HAL_GPIO_WritePin                        0x08000c57   Thumb Code    10  stm32f4xx_hal_gpio.o(i.HAL_GPIO_WritePin)
    HAL_GetTick                              0x08000c61   Thumb Code     6  stm32f4xx_hal.o(i.HAL_GetTick)
    HAL_I2C_AbortCpltCallback                0x08000c6d   Thumb Code     2  stm32f4xx_hal_i2c.o(i.HAL_I2C_AbortCpltCallback)
    HAL_I2C_AddrCallback                     0x08000c6f   Thumb Code     2  stm32f4xx_hal_i2c.o(i.HAL_I2C_AddrCallback)
    HAL_I2C_EV_IRQHandler                    0x08000c71   Thumb Code   560  stm32f4xx_hal_i2c.o(i.HAL_I2C_EV_IRQHandler)
    HAL_I2C_ErrorCallback                    0x08000ea1   Thumb Code     2  stm32f4xx_hal_i2c.o(i.HAL_I2C_ErrorCallback)
    HAL_I2C_Init                             0x08000ea5   Thumb Code   376  stm32f4xx_hal_i2c.o(i.HAL_I2C_Init)
    HAL_I2C_ListenCpltCallback               0x0800102d   Thumb Code     2  stm32f4xx_hal_i2c.o(i.HAL_I2C_ListenCpltCallback)
    HAL_I2C_MasterRxCpltCallback             0x0800102f   Thumb Code     2  stm32f4xx_hal_i2c.o(i.HAL_I2C_MasterRxCpltCallback)
    HAL_I2C_MasterTxCpltCallback             0x08001031   Thumb Code     2  stm32f4xx_hal_i2c.o(i.HAL_I2C_MasterTxCpltCallback)
    HAL_I2C_Master_Transmit                  0x08001035   Thumb Code   290  stm32f4xx_hal_i2c.o(i.HAL_I2C_Master_Transmit)
    HAL_I2C_MemRxCpltCallback                0x08001161   Thumb Code     2  stm32f4xx_hal_i2c.o(i.HAL_I2C_MemRxCpltCallback)
    HAL_I2C_MemTxCpltCallback                0x08001163   Thumb Code     2  stm32f4xx_hal_i2c.o(i.HAL_I2C_MemTxCpltCallback)
    HAL_I2C_MspInit                          0x08001165   Thumb Code   108  stm32f4xx_hal_msp.o(i.HAL_I2C_MspInit)
    HAL_I2C_SlaveRxCpltCallback              0x080011dd   Thumb Code     2  stm32f4xx_hal_i2c.o(i.HAL_I2C_SlaveRxCpltCallback)
    HAL_I2C_SlaveTxCpltCallback              0x080011df   Thumb Code     2  stm32f4xx_hal_i2c.o(i.HAL_I2C_SlaveTxCpltCallback)
    HAL_IncTick                              0x080011e1   Thumb Code    12  stm32f4xx_hal.o(i.HAL_IncTick)
    HAL_Init                                 0x080011f1   Thumb Code    48  stm32f4xx_hal.o(i.HAL_Init)
    HAL_InitTick                             0x08001225   Thumb Code    54  stm32f4xx_hal.o(i.HAL_InitTick)
    HAL_MspInit                              0x08001265   Thumb Code    42  stm32f4xx_hal_msp.o(i.HAL_MspInit)
    HAL_NVIC_EnableIRQ                       0x08001295   Thumb Code    26  stm32f4xx_hal_cortex.o(i.HAL_NVIC_EnableIRQ)
    HAL_NVIC_SetPriority                     0x080012b1   Thumb Code    60  stm32f4xx_hal_cortex.o(i.HAL_NVIC_SetPriority)
    HAL_NVIC_SetPriorityGrouping             0x080012f1   Thumb Code    26  stm32f4xx_hal_cortex.o(i.HAL_NVIC_SetPriorityGrouping)
    HAL_RCC_ClockConfig                      0x08001315   Thumb Code   288  stm32f4xx_hal_rcc.o(i.HAL_RCC_ClockConfig)
    HAL_RCC_GetPCLK1Freq                     0x08001449   Thumb Code    20  stm32f4xx_hal_rcc.o(i.HAL_RCC_GetPCLK1Freq)
    HAL_RCC_GetSysClockFreq                  0x08001469   Thumb Code    88  stm32f4xx_hal_rcc.o(i.HAL_RCC_GetSysClockFreq)
    HAL_RCC_OscConfig                        0x080014c9   Thumb Code   856  stm32f4xx_hal_rcc.o(i.HAL_RCC_OscConfig)
    HAL_SPI_Init                             0x08001835   Thumb Code   188  stm32f4xx_hal_spi.o(i.HAL_SPI_Init)
    HAL_SPI_MspInit                          0x080018f1   Thumb Code    92  stm32f4xx_hal_msp.o(i.HAL_SPI_MspInit)
    HAL_SPI_TransmitReceive                  0x08001959   Thumb Code   482  stm32f4xx_hal_spi.o(i.HAL_SPI_TransmitReceive)
    HAL_SYSTICK_Config                       0x08001b3b   Thumb Code    40  stm32f4xx_hal_cortex.o(i.HAL_SYSTICK_Config)
    HAL_TIMEx_BreakCallback                  0x08001b63   Thumb Code     2  stm32f4xx_hal_tim_ex.o(i.HAL_TIMEx_BreakCallback)
    HAL_TIMEx_CommutCallback                 0x08001b65   Thumb Code     2  stm32f4xx_hal_tim_ex.o(i.HAL_TIMEx_CommutCallback)
    HAL_TIM_Base_Init                        0x08001b67   Thumb Code    90  stm32f4xx_hal_tim.o(i.HAL_TIM_Base_Init)
    HAL_TIM_Base_MspInit                     0x08001bc1   Thumb Code    50  stm32f4xx_hal_msp.o(i.HAL_TIM_Base_MspInit)
    HAL_TIM_Base_Start_IT                    0x08001bfd   Thumb Code    88  stm32f4xx_hal_tim.o(i.HAL_TIM_Base_Start_IT)
    HAL_TIM_IC_CaptureCallback               0x08001c69   Thumb Code     2  stm32f4xx_hal_tim.o(i.HAL_TIM_IC_CaptureCallback)
    HAL_TIM_IRQHandler                       0x08001c6b   Thumb Code   358  stm32f4xx_hal_tim.o(i.HAL_TIM_IRQHandler)
    HAL_TIM_OC_DelayElapsedCallback          0x08001dd1   Thumb Code     2  stm32f4xx_hal_tim.o(i.HAL_TIM_OC_DelayElapsedCallback)
    HAL_TIM_PWM_PulseFinishedCallback        0x08001dd3   Thumb Code     2  stm32f4xx_hal_tim.o(i.HAL_TIM_PWM_PulseFinishedCallback)
    HAL_TIM_PeriodElapsedCallback            0x08001dd5   Thumb Code     2  stm32f4xx_hal_tim.o(i.HAL_TIM_PeriodElapsedCallback)
    HAL_TIM_TriggerCallback                  0x08001dd7   Thumb Code     2  stm32f4xx_hal_tim.o(i.HAL_TIM_TriggerCallback)
    HardFault_Handler                        0x08001dd9   Thumb Code     2  stm32f4xx_it.o(i.HardFault_Handler)
    I2C1_EV_IRQHandler                       0x08001ddd   Thumb Code     6  stm32f4xx_it.o(i.I2C1_EV_IRQHandler)
    MFRC522_AntennaOn                        0x0800293b   Thumb Code    26  rc522.o(i.MFRC522_AntennaOn)
    MFRC522_Anticoll                         0x08002955   Thumb Code    66  rc522.o(i.MFRC522_Anticoll)
    MFRC522_CalculateCRC                     0x08002997   Thumb Code    94  rc522.o(i.MFRC522_CalculateCRC)
    MFRC522_Check                            0x080029f5   Thumb Code    32  rc522.o(i.MFRC522_Check)
    MFRC522_ClearBitMask                     0x08002a15   Thumb Code    24  rc522.o(i.MFRC522_ClearBitMask)
    MFRC522_Compare                          0x08002a2d   Thumb Code    28  rc522.o(i.MFRC522_Compare)
    MFRC522_Halt                             0x08002a49   Thumb Code    44  rc522.o(i.MFRC522_Halt)
    MFRC522_Init                             0x08002a75   Thumb Code    70  rc522.o(i.MFRC522_Init)
    MFRC522_ReadRegister                     0x08002abb   Thumb Code    14  rc522.o(i.MFRC522_ReadRegister)
    MFRC522_Request                          0x08002ac9   Thumb Code    46  rc522.o(i.MFRC522_Request)
    MFRC522_Reset                            0x08002af7   Thumb Code     8  rc522.o(i.MFRC522_Reset)
    MFRC522_SetBitMask                       0x08002aff   Thumb Code    24  rc522.o(i.MFRC522_SetBitMask)
    MFRC522_ToCard                           0x08002b17   Thumb Code   276  rc522.o(i.MFRC522_ToCard)
    MFRC522_WriteRegister                    0x08002c2b   Thumb Code    10  rc522.o(i.MFRC522_WriteRegister)
    MemManage_Handler                        0x08002d35   Thumb Code     2  stm32f4xx_it.o(i.MemManage_Handler)
    NMI_Handler                              0x08002d37   Thumb Code     2  stm32f4xx_it.o(i.NMI_Handler)
    PendSV_Handler                           0x08002d39   Thumb Code     2  stm32f4xx_it.o(i.PendSV_Handler)
    RFID_task                                0x08002d3d   Thumb Code   392  lock_system.o(i.RFID_task)
    SPI1SendByte                             0x08002f4d   Thumb Code    28  rc522.o(i.SPI1SendByte)
    SPI1_ReadReg                             0x08002f6d   Thumb Code    44  rc522.o(i.SPI1_ReadReg)
    SPI1_WriteReg                            0x08002f9d   Thumb Code    44  rc522.o(i.SPI1_WriteReg)
    SVC_Handler                              0x080030dd   Thumb Code     2  stm32f4xx_it.o(i.SVC_Handler)
    SysTick_Handler                          0x080030df   Thumb Code     4  stm32f4xx_it.o(i.SysTick_Handler)
    SystemClock_Config                       0x080030e5   Thumb Code   140  main.o(i.SystemClock_Config)
    SystemInit                               0x08003179   Thumb Code    12  system_stm32f4xx.o(i.SystemInit)
    TIM1_UP_TIM10_IRQHandler                 0x08003189   Thumb Code     6  stm32f4xx_it.o(i.TIM1_UP_TIM10_IRQHandler)
    TIM_Base_SetConfig                       0x08003195   Thumb Code   122  stm32f4xx_hal_tim.o(i.TIM_Base_SetConfig)
    UsageFault_Handler                       0x0800322d   Thumb Code     2  stm32f4xx_it.o(i.UsageFault_Handler)
    change_pass                              0x08003251   Thumb Code   182  lock_system.o(i.change_pass)
    delay_1ms                                0x08003349   Thumb Code    18  lock_system.o(i.delay_1ms)
    delay_ms                                 0x08003361   Thumb Code    20  lock_system.o(i.delay_ms)
    getDefaultPass_FromFlash                 0x08003375   Thumb Code    28  lock_system.o(i.getDefaultPass_FromFlash)
    keypad_password                          0x080033a1   Thumb Code   234  lock_system.o(i.keypad_password)
    lcd_clear                                0x08003521   Thumb Code    24  i2c-lcd.o(i.lcd_clear)
    lcd_put_cur                              0x08003539   Thumb Code    24  i2c-lcd.o(i.lcd_put_cur)
    lcd_send_cmd                             0x08003551   Thumb Code    58  i2c-lcd.o(i.lcd_send_cmd)
    lcd_send_data                            0x08003591   Thumb Code    58  i2c-lcd.o(i.lcd_send_data)
    lcd_send_string                          0x080035d1   Thumb Code    20  i2c-lcd.o(i.lcd_send_string)
    main                                     0x080035e5   Thumb Code   548  main.o(i.main)
    password_enter                           0x08003891   Thumb Code   124  lock_system.o(i.password_enter)
    read_keypad                              0x08003915   Thumb Code   644  lock_system.o(i.read_keypad)
    unlock_door                              0x08003b9d   Thumb Code    94  lock_system.o(i.unlock_door)
    _fp_init                                 0x08003c29   Thumb Code    10  fpinit.o(x$fpl$fpinit)
    __fplib_config_fpu_vfp                   0x08003c31   Thumb Code     0  fpinit.o(x$fpl$fpinit)
    __fplib_config_pureend_doubles           0x08003c31   Thumb Code     0  fpinit.o(x$fpl$fpinit)
    AHBPrescTable                            0x08003c32   Data          16  system_stm32f4xx.o(.constdata)
    APBPrescTable                            0x08003c42   Data           8  system_stm32f4xx.o(.constdata)
    Region$$Table$$Base                      0x08003c4c   Number         0  anon$$obj.o(Region$$Table)
    Region$$Table$$Limit                     0x08003c6c   Number         0  anon$$obj.o(Region$$Table)
    flag_pass                                0x20000000   Data           4  main.o(.data)
    flag_rfid                                0x20000004   Data           4  main.o(.data)
    flag_change                              0x20000008   Data           4  main.o(.data)
    MyID                                     0x2000000c   Data           4  main.o(.data)
    numofwords                               0x20000010   Data           4  main.o(.data)
    mode                                     0x20000014   Data           4  main.o(.data)
    wrong_count                              0x20000018   Data           4  main.o(.data)
    CardID                                   0x2000001c   Data           4  main.o(.data)
    ReadID_buf                               0x20000020   Data           4  main.o(.data)
    uwTickFreq                               0x20000024   Data           1  stm32f4xx_hal.o(.data)
    uwTickPrio                               0x20000028   Data           4  stm32f4xx_hal.o(.data)
    uwTick                                   0x2000002c   Data           4  stm32f4xx_hal.o(.data)
    SystemCoreClock                          0x20000030   Data           4  system_stm32f4xx.o(.data)
    key                                      0x20000034   Data          16  main.o(.bss)
    hi2c1                                    0x20000044   Data          84  main.o(.bss)
    hspi1                                    0x20000098   Data          88  main.o(.bss)
    htim10                                   0x200000f0   Data          72  main.o(.bss)
    Rx_Data                                  0x20000138   Data         120  main.o(.bss)
    default_pass                             0x200001b0   Data          16  main.o(.bss)
    Rx_DataRFID                              0x200001c0   Data         120  main.o(.bss)
    pFlash                                   0x2000024c   Data          32  stm32f4xx_hal_flash.o(.bss)
    __libspace_start                         0x2000026c   Data          96  libspace.o(.bss)
    __temporary_stack_top$libspace           0x200002cc   Data           0  libspace.o(.bss)



==============================================================================

Memory Map of the image

  Image Entry point : 0x08000199

  Load Region LR_IROM1 (Base: 0x08000000, Size: 0x00003ca0, Max: 0x00080000, ABSOLUTE)

    Execution Region ER_IROM1 (Exec base: 0x08000000, Load base: 0x08000000, Size: 0x00003c6c, Max: 0x00080000, ABSOLUTE)

    Exec Addr    Load Addr    Size         Type   Attr      Idx    E Section Name        Object

    0x08000000   0x08000000   0x00000198   Data   RO            3    RESET               startup_stm32f411xe.o
    0x08000198   0x08000198   0x00000008   Code   RO         3703  * !!!main             c_w.l(__main.o)
    0x080001a0   0x080001a0   0x00000034   Code   RO         3870    !!!scatter          c_w.l(__scatter.o)
    0x080001d4   0x080001d4   0x0000001a   Code   RO         3872    !!handler_copy      c_w.l(__scatter_copy.o)
    0x080001ee   0x080001ee   0x00000002   PAD
    0x080001f0   0x080001f0   0x0000001c   Code   RO         3874    !!handler_zi        c_w.l(__scatter_zi.o)
    0x0800020c   0x0800020c   0x00000002   Code   RO         3740    .ARM.Collect$$libinit$$00000000  c_w.l(libinit.o)
    0x0800020e   0x0800020e   0x00000004   Code   RO         3752    .ARM.Collect$$libinit$$00000001  c_w.l(libinit2.o)
    0x08000212   0x08000212   0x00000000   Code   RO         3755    .ARM.Collect$$libinit$$00000004  c_w.l(libinit2.o)
    0x08000212   0x08000212   0x00000000   Code   RO         3758    .ARM.Collect$$libinit$$0000000A  c_w.l(libinit2.o)
    0x08000212   0x08000212   0x00000000   Code   RO         3760    .ARM.Collect$$libinit$$0000000C  c_w.l(libinit2.o)
    0x08000212   0x08000212   0x00000000   Code   RO         3762    .ARM.Collect$$libinit$$0000000E  c_w.l(libinit2.o)
    0x08000212   0x08000212   0x00000000   Code   RO         3765    .ARM.Collect$$libinit$$00000011  c_w.l(libinit2.o)
    0x08000212   0x08000212   0x00000000   Code   RO         3767    .ARM.Collect$$libinit$$00000013  c_w.l(libinit2.o)
    0x08000212   0x08000212   0x00000000   Code   RO         3769    .ARM.Collect$$libinit$$00000015  c_w.l(libinit2.o)
    0x08000212   0x08000212   0x00000000   Code   RO         3771    .ARM.Collect$$libinit$$00000017  c_w.l(libinit2.o)
    0x08000212   0x08000212   0x00000000   Code   RO         3773    .ARM.Collect$$libinit$$00000019  c_w.l(libinit2.o)
    0x08000212   0x08000212   0x00000000   Code   RO         3775    .ARM.Collect$$libinit$$0000001B  c_w.l(libinit2.o)
    0x08000212   0x08000212   0x00000000   Code   RO         3777    .ARM.Collect$$libinit$$0000001D  c_w.l(libinit2.o)
    0x08000212   0x08000212   0x00000000   Code   RO         3779    .ARM.Collect$$libinit$$0000001F  c_w.l(libinit2.o)
    0x08000212   0x08000212   0x00000000   Code   RO         3781    .ARM.Collect$$libinit$$00000021  c_w.l(libinit2.o)
    0x08000212   0x08000212   0x00000000   Code   RO         3783    .ARM.Collect$$libinit$$00000023  c_w.l(libinit2.o)
    0x08000212   0x08000212   0x00000000   Code   RO         3785    .ARM.Collect$$libinit$$00000025  c_w.l(libinit2.o)
    0x08000212   0x08000212   0x00000000   Code   RO         3789    .ARM.Collect$$libinit$$0000002C  c_w.l(libinit2.o)
    0x08000212   0x08000212   0x00000000   Code   RO         3791    .ARM.Collect$$libinit$$0000002E  c_w.l(libinit2.o)
    0x08000212   0x08000212   0x00000000   Code   RO         3793    .ARM.Collect$$libinit$$00000030  c_w.l(libinit2.o)
    0x08000212   0x08000212   0x00000000   Code   RO         3795    .ARM.Collect$$libinit$$00000032  c_w.l(libinit2.o)
    0x08000212   0x08000212   0x00000002   Code   RO         3796    .ARM.Collect$$libinit$$00000033  c_w.l(libinit2.o)
    0x08000214   0x08000214   0x00000002   Code   RO         3827    .ARM.Collect$$libshutdown$$00000000  c_w.l(libshutdown.o)
    0x08000216   0x08000216   0x00000000   Code   RO         3853    .ARM.Collect$$libshutdown$$00000002  c_w.l(libshutdown2.o)
    0x08000216   0x08000216   0x00000000   Code   RO         3855    .ARM.Collect$$libshutdown$$00000004  c_w.l(libshutdown2.o)
    0x08000216   0x08000216   0x00000000   Code   RO         3858    .ARM.Collect$$libshutdown$$00000007  c_w.l(libshutdown2.o)
    0x08000216   0x08000216   0x00000000   Code   RO         3861    .ARM.Collect$$libshutdown$$0000000A  c_w.l(libshutdown2.o)
    0x08000216   0x08000216   0x00000000   Code   RO         3863    .ARM.Collect$$libshutdown$$0000000C  c_w.l(libshutdown2.o)
    0x08000216   0x08000216   0x00000000   Code   RO         3866    .ARM.Collect$$libshutdown$$0000000F  c_w.l(libshutdown2.o)
    0x08000216   0x08000216   0x00000002   Code   RO         3867    .ARM.Collect$$libshutdown$$00000010  c_w.l(libshutdown2.o)
    0x08000218   0x08000218   0x00000000   Code   RO         3705    .ARM.Collect$$rtentry$$00000000  c_w.l(__rtentry.o)
    0x08000218   0x08000218   0x00000000   Code   RO         3711    .ARM.Collect$$rtentry$$00000002  c_w.l(__rtentry2.o)
    0x08000218   0x08000218   0x00000006   Code   RO         3723    .ARM.Collect$$rtentry$$00000004  c_w.l(__rtentry4.o)
    0x0800021e   0x0800021e   0x00000000   Code   RO         3713    .ARM.Collect$$rtentry$$00000009  c_w.l(__rtentry2.o)
    0x0800021e   0x0800021e   0x00000004   Code   RO         3714    .ARM.Collect$$rtentry$$0000000A  c_w.l(__rtentry2.o)
    0x08000222   0x08000222   0x00000000   Code   RO         3716    .ARM.Collect$$rtentry$$0000000C  c_w.l(__rtentry2.o)
    0x08000222   0x08000222   0x00000008   Code   RO         3717    .ARM.Collect$$rtentry$$0000000D  c_w.l(__rtentry2.o)
    0x0800022a   0x0800022a   0x00000002   Code   RO         3744    .ARM.Collect$$rtexit$$00000000  c_w.l(rtexit.o)
    0x0800022c   0x0800022c   0x00000000   Code   RO         3800    .ARM.Collect$$rtexit$$00000002  c_w.l(rtexit2.o)
    0x0800022c   0x0800022c   0x00000004   Code   RO         3801    .ARM.Collect$$rtexit$$00000003  c_w.l(rtexit2.o)
    0x08000230   0x08000230   0x00000006   Code   RO         3802    .ARM.Collect$$rtexit$$00000004  c_w.l(rtexit2.o)
    0x08000236   0x08000236   0x00000002   PAD
    0x08000238   0x08000238   0x00000040   Code   RO            4    .text               startup_stm32f411xe.o
    0x08000278   0x08000278   0x000000ee   Code   RO         3691    .text               c_w.l(lludivv7m.o)
    0x08000366   0x08000366   0x0000003e   Code   RO         3693    .text               c_w.l(strlen.o)
    0x080003a4   0x080003a4   0x00000096   Code   RO         3695    .text               c_w.l(strncmp.o)
    0x0800043a   0x0800043a   0x00000044   Code   RO         3697    .text               c_w.l(rt_memclr.o)
    0x0800047e   0x0800047e   0x0000004e   Code   RO         3699    .text               c_w.l(rt_memclr_w.o)
    0x080004cc   0x080004cc   0x00000006   Code   RO         3701    .text               c_w.l(heapauxi.o)
    0x080004d2   0x080004d2   0x0000004a   Code   RO         3727    .text               c_w.l(sys_stackheap_outer.o)
    0x0800051c   0x0800051c   0x00000012   Code   RO         3729    .text               c_w.l(exit.o)
    0x0800052e   0x0800052e   0x00000002   PAD
    0x08000530   0x08000530   0x00000008   Code   RO         3741    .text               c_w.l(libspace.o)
    0x08000538   0x08000538   0x0000000c   Code   RO         3797    .text               c_w.l(sys_exit.o)
    0x08000544   0x08000544   0x00000002   Code   RO         3816    .text               c_w.l(use_no_semi.o)
    0x08000546   0x08000546   0x00000000   Code   RO         3818    .text               c_w.l(indicate_semi.o)
    0x08000546   0x08000546   0x00000002   Code   RO          392    i.BusFault_Handler  stm32f4xx_it.o
    0x08000548   0x08000548   0x00000040   Code   RO          541    i.Convert_To_Str    flash_sector_f4.o
    0x08000588   0x08000588   0x00000002   Code   RO          393    i.DebugMon_Handler  stm32f4xx_it.o
    0x0800058a   0x0800058a   0x00000002   PAD
    0x0800058c   0x0800058c   0x00000050   Code   RO         1429    i.FLASH_Erase_Sector  stm32f4xx_hal_flash_ex.o
    0x080005dc   0x080005dc   0x00000054   Code   RO         1430    i.FLASH_FlushCaches  stm32f4xx_hal_flash_ex.o
    0x08000630   0x08000630   0x00000028   Code   RO         1431    i.FLASH_MassErase   stm32f4xx_hal_flash_ex.o
    0x08000658   0x08000658   0x00000020   Code   RO         1311    i.FLASH_Program_Byte  stm32f4xx_hal_flash.o
    0x08000678   0x08000678   0x0000002c   Code   RO         1312    i.FLASH_Program_DoubleWord  stm32f4xx_hal_flash.o
    0x080006a4   0x080006a4   0x00000024   Code   RO         1313    i.FLASH_Program_HalfWord  stm32f4xx_hal_flash.o
    0x080006c8   0x080006c8   0x00000024   Code   RO         1314    i.FLASH_Program_Word  stm32f4xx_hal_flash.o
    0x080006ec   0x080006ec   0x0000007c   Code   RO         1315    i.FLASH_SetErrorCode  stm32f4xx_hal_flash.o
    0x08000768   0x08000768   0x00000050   Code   RO         1316    i.FLASH_WaitForLastOperation  stm32f4xx_hal_flash.o
    0x080007b8   0x080007b8   0x0000000c   Code   RO          543    i.Flash_Read_Data   flash_sector_f4.o
    0x080007c4   0x080007c4   0x0000006c   Code   RO          545    i.Flash_Write_Data  flash_sector_f4.o
    0x08000830   0x08000830   0x0000008c   Code   RO          547    i.GetSector         flash_sector_f4.o
    0x080008bc   0x080008bc   0x00000024   Code   RO         1666    i.HAL_DMA_Abort_IT  stm32f4xx_hal_dma.o
    0x080008e0   0x080008e0   0x00000006   Code   RO         1669    i.HAL_DMA_GetState  stm32f4xx_hal_dma.o
    0x080008e6   0x080008e6   0x00000002   PAD
    0x080008e8   0x080008e8   0x00000024   Code   RO         2108    i.HAL_Delay         stm32f4xx_hal.o
    0x0800090c   0x0800090c   0x00000098   Code   RO         1434    i.HAL_FLASHEx_Erase  stm32f4xx_hal_flash_ex.o
    0x080009a4   0x080009a4   0x0000000c   Code   RO         1318    i.HAL_FLASH_GetError  stm32f4xx_hal_flash.o
    0x080009b0   0x080009b0   0x00000014   Code   RO         1320    i.HAL_FLASH_Lock    stm32f4xx_hal_flash.o
    0x080009c4   0x080009c4   0x0000007c   Code   RO         1325    i.HAL_FLASH_Program  stm32f4xx_hal_flash.o
    0x08000a40   0x08000a40   0x0000002c   Code   RO         1327    i.HAL_FLASH_Unlock  stm32f4xx_hal_flash.o
    0x08000a6c   0x08000a6c   0x000001e0   Code   RO         1558    i.HAL_GPIO_Init     stm32f4xx_hal_gpio.o
    0x08000c4c   0x08000c4c   0x0000000a   Code   RO         1560    i.HAL_GPIO_ReadPin  stm32f4xx_hal_gpio.o
    0x08000c56   0x08000c56   0x0000000a   Code   RO         1562    i.HAL_GPIO_WritePin  stm32f4xx_hal_gpio.o
    0x08000c60   0x08000c60   0x0000000c   Code   RO         2114    i.HAL_GetTick       stm32f4xx_hal.o
    0x08000c6c   0x08000c6c   0x00000002   Code   RO          687    i.HAL_I2C_AbortCpltCallback  stm32f4xx_hal_i2c.o
    0x08000c6e   0x08000c6e   0x00000002   Code   RO          688    i.HAL_I2C_AddrCallback  stm32f4xx_hal_i2c.o
    0x08000c70   0x08000c70   0x00000230   Code   RO          692    i.HAL_I2C_EV_IRQHandler  stm32f4xx_hal_i2c.o
    0x08000ea0   0x08000ea0   0x00000002   Code   RO          694    i.HAL_I2C_ErrorCallback  stm32f4xx_hal_i2c.o
    0x08000ea2   0x08000ea2   0x00000002   PAD
    0x08000ea4   0x08000ea4   0x00000188   Code   RO          698    i.HAL_I2C_Init      stm32f4xx_hal_i2c.o
    0x0800102c   0x0800102c   0x00000002   Code   RO          700    i.HAL_I2C_ListenCpltCallback  stm32f4xx_hal_i2c.o
    0x0800102e   0x0800102e   0x00000002   Code   RO          701    i.HAL_I2C_MasterRxCpltCallback  stm32f4xx_hal_i2c.o
    0x08001030   0x08001030   0x00000002   Code   RO          702    i.HAL_I2C_MasterTxCpltCallback  stm32f4xx_hal_i2c.o
    0x08001032   0x08001032   0x00000002   PAD
    0x08001034   0x08001034   0x0000012c   Code   RO          711    i.HAL_I2C_Master_Transmit  stm32f4xx_hal_i2c.o
    0x08001160   0x08001160   0x00000002   Code   RO          714    i.HAL_I2C_MemRxCpltCallback  stm32f4xx_hal_i2c.o
    0x08001162   0x08001162   0x00000002   Code   RO          715    i.HAL_I2C_MemTxCpltCallback  stm32f4xx_hal_i2c.o
    0x08001164   0x08001164   0x00000078   Code   RO          481    i.HAL_I2C_MspInit   stm32f4xx_hal_msp.o
    0x080011dc   0x080011dc   0x00000002   Code   RO          724    i.HAL_I2C_SlaveRxCpltCallback  stm32f4xx_hal_i2c.o
    0x080011de   0x080011de   0x00000002   Code   RO          725    i.HAL_I2C_SlaveTxCpltCallback  stm32f4xx_hal_i2c.o
    0x080011e0   0x080011e0   0x00000010   Code   RO         2120    i.HAL_IncTick       stm32f4xx_hal.o
    0x080011f0   0x080011f0   0x00000034   Code   RO         2121    i.HAL_Init          stm32f4xx_hal.o
    0x08001224   0x08001224   0x00000040   Code   RO         2122    i.HAL_InitTick      stm32f4xx_hal.o
    0x08001264   0x08001264   0x00000030   Code   RO          482    i.HAL_MspInit       stm32f4xx_hal_msp.o
    0x08001294   0x08001294   0x0000001a   Code   RO         1971    i.HAL_NVIC_EnableIRQ  stm32f4xx_hal_cortex.o
    0x080012ae   0x080012ae   0x00000002   PAD
    0x080012b0   0x080012b0   0x00000040   Code   RO         1977    i.HAL_NVIC_SetPriority  stm32f4xx_hal_cortex.o
    0x080012f0   0x080012f0   0x00000024   Code   RO         1978    i.HAL_NVIC_SetPriorityGrouping  stm32f4xx_hal_cortex.o
    0x08001314   0x08001314   0x00000134   Code   RO         1150    i.HAL_RCC_ClockConfig  stm32f4xx_hal_rcc.o
    0x08001448   0x08001448   0x00000020   Code   RO         1157    i.HAL_RCC_GetPCLK1Freq  stm32f4xx_hal_rcc.o
    0x08001468   0x08001468   0x00000060   Code   RO         1159    i.HAL_RCC_GetSysClockFreq  stm32f4xx_hal_rcc.o
    0x080014c8   0x080014c8   0x0000036c   Code   RO         1162    i.HAL_RCC_OscConfig  stm32f4xx_hal_rcc.o
    0x08001834   0x08001834   0x000000bc   Code   RO         2370    i.HAL_SPI_Init      stm32f4xx_hal_spi.o
    0x080018f0   0x080018f0   0x00000068   Code   RO          484    i.HAL_SPI_MspInit   stm32f4xx_hal_msp.o
    0x08001958   0x08001958   0x000001e2   Code   RO         2379    i.HAL_SPI_TransmitReceive  stm32f4xx_hal_spi.o
    0x08001b3a   0x08001b3a   0x00000028   Code   RO         1982    i.HAL_SYSTICK_Config  stm32f4xx_hal_cortex.o
    0x08001b62   0x08001b62   0x00000002   Code   RO         3387    i.HAL_TIMEx_BreakCallback  stm32f4xx_hal_tim_ex.o
    0x08001b64   0x08001b64   0x00000002   Code   RO         3388    i.HAL_TIMEx_CommutCallback  stm32f4xx_hal_tim_ex.o
    0x08001b66   0x08001b66   0x0000005a   Code   RO         2683    i.HAL_TIM_Base_Init  stm32f4xx_hal_tim.o
    0x08001bc0   0x08001bc0   0x0000003c   Code   RO          486    i.HAL_TIM_Base_MspInit  stm32f4xx_hal_msp.o
    0x08001bfc   0x08001bfc   0x0000006c   Code   RO         2688    i.HAL_TIM_Base_Start_IT  stm32f4xx_hal_tim.o
    0x08001c68   0x08001c68   0x00000002   Code   RO         2717    i.HAL_TIM_IC_CaptureCallback  stm32f4xx_hal_tim.o
    0x08001c6a   0x08001c6a   0x00000166   Code   RO         2731    i.HAL_TIM_IRQHandler  stm32f4xx_hal_tim.o
    0x08001dd0   0x08001dd0   0x00000002   Code   RO         2734    i.HAL_TIM_OC_DelayElapsedCallback  stm32f4xx_hal_tim.o
    0x08001dd2   0x08001dd2   0x00000002   Code   RO         2761    i.HAL_TIM_PWM_PulseFinishedCallback  stm32f4xx_hal_tim.o
    0x08001dd4   0x08001dd4   0x00000002   Code   RO         2769    i.HAL_TIM_PeriodElapsedCallback  stm32f4xx_hal_tim.o
    0x08001dd6   0x08001dd6   0x00000002   Code   RO         2774    i.HAL_TIM_TriggerCallback  stm32f4xx_hal_tim.o
    0x08001dd8   0x08001dd8   0x00000002   Code   RO          394    i.HardFault_Handler  stm32f4xx_it.o
    0x08001dda   0x08001dda   0x00000002   PAD
    0x08001ddc   0x08001ddc   0x0000000c   Code   RO          395    i.I2C1_EV_IRQHandler  stm32f4xx_it.o
    0x08001de8   0x08001de8   0x000000bc   Code   RO          736    i.I2C_DMAAbort      stm32f4xx_hal_i2c.o
    0x08001ea4   0x08001ea4   0x00000158   Code   RO          739    i.I2C_ITError       stm32f4xx_hal_i2c.o
    0x08001ffc   0x08001ffc   0x0000002e   Code   RO          740    i.I2C_IsAcknowledgeFailed  stm32f4xx_hal_i2c.o
    0x0800202a   0x0800202a   0x000000d2   Code   RO          741    i.I2C_MasterReceive_BTF  stm32f4xx_hal_i2c.o
    0x080020fc   0x080020fc   0x000000e8   Code   RO          742    i.I2C_MasterReceive_RXNE  stm32f4xx_hal_i2c.o
    0x080021e4   0x080021e4   0x0000009c   Code   RO          744    i.I2C_MasterRequestWrite  stm32f4xx_hal_i2c.o
    0x08002280   0x08002280   0x00000082   Code   RO          745    i.I2C_MasterTransmit_BTF  stm32f4xx_hal_i2c.o
    0x08002302   0x08002302   0x00000002   PAD
    0x08002304   0x08002304   0x000000b6   Code   RO          746    i.I2C_MasterTransmit_TXE  stm32f4xx_hal_i2c.o
    0x080023ba   0x080023ba   0x00000002   PAD
    0x080023bc   0x080023bc   0x00000118   Code   RO          747    i.I2C_Master_ADDR   stm32f4xx_hal_i2c.o
    0x080024d4   0x080024d4   0x0000008c   Code   RO          748    i.I2C_Master_SB     stm32f4xx_hal_i2c.o
    0x08002560   0x08002560   0x000000a0   Code   RO          749    i.I2C_MemoryTransmit_TXE_BTF  stm32f4xx_hal_i2c.o
    0x08002600   0x08002600   0x00000046   Code   RO          752    i.I2C_Slave_ADDR    stm32f4xx_hal_i2c.o
    0x08002646   0x08002646   0x00000002   PAD
    0x08002648   0x08002648   0x0000015c   Code   RO          754    i.I2C_Slave_STOPF   stm32f4xx_hal_i2c.o
    0x080027a4   0x080027a4   0x0000004c   Code   RO          755    i.I2C_WaitOnBTFFlagUntilTimeout  stm32f4xx_hal_i2c.o
    0x080027f0   0x080027f0   0x00000068   Code   RO          756    i.I2C_WaitOnFlagUntilTimeout  stm32f4xx_hal_i2c.o
    0x08002858   0x08002858   0x00000096   Code   RO          757    i.I2C_WaitOnMasterAddressFlagUntilTimeout  stm32f4xx_hal_i2c.o
    0x080028ee   0x080028ee   0x0000004c   Code   RO          759    i.I2C_WaitOnTXEFlagUntilTimeout  stm32f4xx_hal_i2c.o
    0x0800293a   0x0800293a   0x0000001a   Code   RO          172    i.MFRC522_AntennaOn  rc522.o
    0x08002954   0x08002954   0x00000042   Code   RO          173    i.MFRC522_Anticoll  rc522.o
    0x08002996   0x08002996   0x0000005e   Code   RO          175    i.MFRC522_CalculateCRC  rc522.o
    0x080029f4   0x080029f4   0x00000020   Code   RO          176    i.MFRC522_Check     rc522.o
    0x08002a14   0x08002a14   0x00000018   Code   RO          177    i.MFRC522_ClearBitMask  rc522.o
    0x08002a2c   0x08002a2c   0x0000001c   Code   RO          178    i.MFRC522_Compare   rc522.o
    0x08002a48   0x08002a48   0x0000002c   Code   RO          179    i.MFRC522_Halt      rc522.o
    0x08002a74   0x08002a74   0x00000046   Code   RO          180    i.MFRC522_Init      rc522.o
    0x08002aba   0x08002aba   0x0000000e   Code   RO          182    i.MFRC522_ReadRegister  rc522.o
    0x08002ac8   0x08002ac8   0x0000002e   Code   RO          183    i.MFRC522_Request   rc522.o
    0x08002af6   0x08002af6   0x00000008   Code   RO          184    i.MFRC522_Reset     rc522.o
    0x08002afe   0x08002afe   0x00000018   Code   RO          186    i.MFRC522_SetBitMask  rc522.o
    0x08002b16   0x08002b16   0x00000114   Code   RO          187    i.MFRC522_ToCard    rc522.o
    0x08002c2a   0x08002c2a   0x0000000a   Code   RO          189    i.MFRC522_WriteRegister  rc522.o
    0x08002c34   0x08002c34   0x000000bc   Code   RO          316    i.MX_GPIO_Init      main.o
    0x08002cf0   0x08002cf0   0x00000044   Code   RO          317    i.MX_SPI1_Init      main.o
    0x08002d34   0x08002d34   0x00000002   Code   RO          396    i.MemManage_Handler  stm32f4xx_it.o
    0x08002d36   0x08002d36   0x00000002   Code   RO          397    i.NMI_Handler       stm32f4xx_it.o
    0x08002d38   0x08002d38   0x00000002   Code   RO          398    i.PendSV_Handler    stm32f4xx_it.o
    0x08002d3a   0x08002d3a   0x00000002   PAD
    0x08002d3c   0x08002d3c   0x00000210   Code   RO          613    i.RFID_task         lock_system.o
    0x08002f4c   0x08002f4c   0x00000020   Code   RO          190    i.SPI1SendByte      rc522.o
    0x08002f6c   0x08002f6c   0x00000030   Code   RO          191    i.SPI1_ReadReg      rc522.o
    0x08002f9c   0x08002f9c   0x00000030   Code   RO          192    i.SPI1_WriteReg     rc522.o
    0x08002fcc   0x08002fcc   0x00000058   Code   RO         2408    i.SPI_EndRxTxTransaction  stm32f4xx_hal_spi.o
    0x08003024   0x08003024   0x000000b8   Code   RO         2413    i.SPI_WaitFlagStateUntilTimeout  stm32f4xx_hal_spi.o
    0x080030dc   0x080030dc   0x00000002   Code   RO          399    i.SVC_Handler       stm32f4xx_it.o
    0x080030de   0x080030de   0x00000004   Code   RO          400    i.SysTick_Handler   stm32f4xx_it.o
    0x080030e2   0x080030e2   0x00000002   PAD
    0x080030e4   0x080030e4   0x00000094   Code   RO          318    i.SystemClock_Config  main.o
    0x08003178   0x08003178   0x00000010   Code   RO         3655    i.SystemInit        system_stm32f4xx.o
    0x08003188   0x08003188   0x0000000c   Code   RO          401    i.TIM1_UP_TIM10_IRQHandler  stm32f4xx_it.o
    0x08003194   0x08003194   0x00000098   Code   RO         2776    i.TIM_Base_SetConfig  stm32f4xx_hal_tim.o
    0x0800322c   0x0800322c   0x00000002   Code   RO          402    i.UsageFault_Handler  stm32f4xx_it.o
    0x0800322e   0x0800322e   0x00000020   Code   RO         1984    i.__NVIC_SetPriority  stm32f4xx_hal_cortex.o
    0x0800324e   0x0800324e   0x00000002   PAD
    0x08003250   0x08003250   0x000000f8   Code   RO          614    i.change_pass       lock_system.o
    0x08003348   0x08003348   0x00000018   Code   RO          615    i.delay_1ms         lock_system.o
    0x08003360   0x08003360   0x00000014   Code   RO          616    i.delay_ms          lock_system.o
    0x08003374   0x08003374   0x0000002c   Code   RO          617    i.getDefaultPass_FromFlash  lock_system.o
    0x080033a0   0x080033a0   0x00000180   Code   RO          618    i.keypad_password   lock_system.o
    0x08003520   0x08003520   0x00000018   Code   RO           13    i.lcd_clear         i2c-lcd.o
    0x08003538   0x08003538   0x00000018   Code   RO           15    i.lcd_put_cur       i2c-lcd.o
    0x08003550   0x08003550   0x00000040   Code   RO           16    i.lcd_send_cmd      i2c-lcd.o
    0x08003590   0x08003590   0x00000040   Code   RO           17    i.lcd_send_data     i2c-lcd.o
    0x080035d0   0x080035d0   0x00000014   Code   RO           18    i.lcd_send_string   i2c-lcd.o
    0x080035e4   0x080035e4   0x000002ac   Code   RO          319    i.main              main.o
    0x08003890   0x08003890   0x00000084   Code   RO          619    i.password_enter    lock_system.o
    0x08003914   0x08003914   0x00000288   Code   RO          620    i.read_keypad       lock_system.o
    0x08003b9c   0x08003b9c   0x0000008c   Code   RO          621    i.unlock_door       lock_system.o
    0x08003c28   0x08003c28   0x0000000a   Code   RO         3812    x$fpl$fpinit        fz_wm.l(fpinit.o)
    0x08003c32   0x08003c32   0x00000010   Data   RO         3656    .constdata          system_stm32f4xx.o
    0x08003c42   0x08003c42   0x00000008   Data   RO         3657    .constdata          system_stm32f4xx.o
    0x08003c4a   0x08003c4a   0x00000002   PAD
    0x08003c4c   0x08003c4c   0x00000020   Data   RO         3868    Region$$Table       anon$$obj.o


    Execution Region RW_IRAM1 (Exec base: 0x20000000, Load base: 0x08003c6c, Size: 0x000008d0, Max: 0x00020000, ABSOLUTE)

    Exec Addr    Load Addr    Size         Type   Attr      Idx    E Section Name        Object

    0x20000000   0x08003c6c   0x00000018   Data   RW          323    .data               main.o
    0x20000018   0x08003c84   0x00000004   Data   RW          324    .data               main.o
    0x2000001c   0x08003c88   0x00000004   Data   RW          325    .data               main.o
    0x20000020   0x08003c8c   0x00000004   Data   RW          326    .data               main.o
    0x20000024   0x08003c90   0x0000000c   Data   RW         2128    .data               stm32f4xx_hal.o
    0x20000030   0x08003c9c   0x00000004   Data   RW         3658    .data               system_stm32f4xx.o
    0x20000034        -       0x0000017c   Zero   RW          320    .bss                main.o
    0x200001b0        -       0x00000010   Zero   RW          321    .bss                main.o
    0x200001c0        -       0x00000078   Zero   RW          322    .bss                main.o
    0x20000238        -       0x00000014   Zero   RW          549    .bss                flash_sector_f4.o
    0x2000024c        -       0x00000020   Zero   RW         1328    .bss                stm32f4xx_hal_flash.o
    0x2000026c        -       0x00000060   Zero   RW         3742    .bss                c_w.l(libspace.o)
    0x200002cc   0x08003ca0   0x00000004   PAD
    0x200002d0        -       0x00000200   Zero   RW            2    HEAP                startup_stm32f411xe.o
    0x200004d0        -       0x00000400   Zero   RW            1    STACK               startup_stm32f411xe.o


==============================================================================

Image component sizes


      Code (inc. data)   RO Data    RW Data    ZI Data      Debug   Object Name

       324         38          0          0         20       3734   flash_sector_f4.o
       196         12          0          0          0     436803   i2c-lcd.o
      2168        432          0          0          0       6407   lock_system.o
      1088        168          0         36        516       4393   main.o
       890         12          0          0          0      11298   rc522.o
        64         26        408          0       1536        860   startup_stm32f411xe.o
       180         28          0         12          0       9389   stm32f4xx_hal.o
       198         14          0          0          0      34063   stm32f4xx_hal_cortex.o
        42          0          0          0          0       1846   stm32f4xx_hal_dma.o
       552         72          0          0         32       7347   stm32f4xx_hal_flash.o
       356         24          0          0          0       4234   stm32f4xx_hal_flash_ex.o
       500         34          0          0          0       2891   stm32f4xx_hal_gpio.o
      4164         64          0          0          0      27375   stm32f4xx_hal_i2c.o
       332         40          0          0          0       3025   stm32f4xx_hal_msp.o
      1312         60          0          0          0       4717   stm32f4xx_hal_rcc.o
       942         12          0          0          0       4985   stm32f4xx_hal_spi.o
       718         50          0          0          0       7493   stm32f4xx_hal_tim.o
         4          0          0          0          0       1645   stm32f4xx_hal_tim_ex.o
        44         12          0          0          0       5278   stm32f4xx_it.o
        16          4         24          4          0       1175   system_stm32f4xx.o

    ----------------------------------------------------------------------
     14114       1102        466         52       2104     578958   Object Totals
         0          0         32          0          0          0   (incl. Generated)
        24          0          2          0          0          0   (incl. Padding)

    ----------------------------------------------------------------------

      Code (inc. data)   RO Data    RW Data    ZI Data      Debug   Library Member Name

         8          0          0          0          0         68   __main.o
         0          0          0          0          0          0   __rtentry.o
        12          0          0          0          0          0   __rtentry2.o
         6          0          0          0          0          0   __rtentry4.o
        52          8          0          0          0          0   __scatter.o
        26          0          0          0          0          0   __scatter_copy.o
        28          0          0          0          0          0   __scatter_zi.o
        18          0          0          0          0         80   exit.o
         6          0          0          0          0        152   heapauxi.o
         0          0          0          0          0          0   indicate_semi.o
         2          0          0          0          0          0   libinit.o
         6          0          0          0          0          0   libinit2.o
         2          0          0          0          0          0   libshutdown.o
         2          0          0          0          0          0   libshutdown2.o
         8          4          0          0         96         68   libspace.o
       238          0          0          0          0        100   lludivv7m.o
        68          0          0          0          0         68   rt_memclr.o
        78          0          0          0          0         80   rt_memclr_w.o
         2          0          0          0          0          0   rtexit.o
        10          0          0          0          0          0   rtexit2.o
        62          0          0          0          0         76   strlen.o
       150          0          0          0          0         80   strncmp.o
        12          4          0          0          0         68   sys_exit.o
        74          0          0          0          0         80   sys_stackheap_outer.o
         2          0          0          0          0         68   use_no_semi.o
        10          0          0          0          0        116   fpinit.o

    ----------------------------------------------------------------------
       888         16          0          0        100       1104   Library Totals
         6          0          0          0          4          0   (incl. Padding)

    ----------------------------------------------------------------------

      Code (inc. data)   RO Data    RW Data    ZI Data      Debug   Library Name

       872         16          0          0         96        988   c_w.l
        10          0          0          0          0        116   fz_wm.l

    ----------------------------------------------------------------------
       888         16          0          0        100       1104   Library Totals

    ----------------------------------------------------------------------

==============================================================================


      Code (inc. data)   RO Data    RW Data    ZI Data      Debug   

     15002       1118        466         52       2204     567146   Grand Totals
     15002       1118        466         52       2204     567146   ELF Image Totals
     15002       1118        466         52          0          0   ROM Totals

==============================================================================

    Total RO  Size (Code + RO Data)                15468 (  15.11kB)
    Total RW  Size (RW Data + ZI Data)              2256 (   2.20kB)
    Total ROM Size (Code + RO Data + RW Data)      15520 (  15.16kB)

==============================================================================

